Loaded environment variables from /rsstu/users/k/kanarde/NASA-Sunnyverse/rmccune/poseidon/poseidon_deploy/hpc_submission_scripts/../hpc_paths.env
Activating conda environment...
Starting image rectifier Python script...
[2025-12-30 21:19:21] [MainThread  ] --- Starting Depth Calculation Pipeline ---
[2025-12-30 21:19:21] [MainThread  ] Loading LiDAR data from: /rsstu/users/k/kanarde/NASA-Sunnyverse/rmccune/poseidon/data/lidar/Job1051007_34077_04_88.laz
[2025-12-30 21:19:23] [MainThread  ] Creating point array from LiDAR data...
[2025-12-30 21:19:23] [MainThread  ] Generating grid at 0.05m resolution...

--- Starting grid generation for 'carolina_beach' at 0.05m ---
  [IO] Using existing directory: /rsstu/users/k/kanarde/NASA-Sunnyverse/rmccune/poseidon/data/grids
  [GRID] Generating grid coordinates...
    X Extent: 712160.00 to 712230.00
    Y Extent: 33100.00 to 33170.00
    Initial grid shape (before transpose): (1400, 1400)
  [GRID] Interpolating Z grid from 35549 input points...
    [WARN] 4240 grid points were outside the interpolation area (set to NaN).
  [GRID] Transposing grids to (Y, X) convention.
    Final grid shape: (1400, 1400)
  [IO] Saving compressed Zarr arrays (mode='w', overwriting)...
    X -> /rsstu/users/k/kanarde/NASA-Sunnyverse/rmccune/poseidon/data/grids/carolina_beach_grid_x_0.05m.zarr
    Y -> /rsstu/users/k/kanarde/NASA-Sunnyverse/rmccune/poseidon/data/grids/carolina_beach_grid_y_0.05m.zarr
    Z -> /rsstu/users/k/kanarde/NASA-Sunnyverse/rmccune/poseidon/data/grids/carolina_beach_grid_z_0.05m.zarr
--- Grid generation successful in 4.21 seconds. ---
[2025-12-30 21:19:27] [MainThread  ] Initializing DepthMapProcessor... 
[2025-12-30 21:19:28] [MainThread  ] Iterating through event folders in: /rsstu/users/k/kanarde/NASA-Sunnyverse/rmccune/poseidon/data/carolina_beach/flood_events using 4 workers
[2025-12-30 21:19:28] [MainThread  ] Found 21 potential event directories.
[2025-12-30 21:19:28] [EventWorker_0] --- Processing event: CB_03_20220819133226_20220819200826 ---
[2025-12-30 21:19:28] [EventWorker_1] --- Processing event: CB_03_20220929122627_20220929210227 ---
[2025-12-30 21:19:28] [EventWorker_2] --- Processing event: CB_03_20220930102326_20221001011226 ---
[2025-12-30 21:19:28] [EventWorker_3] --- Processing event: CB_03_20221004180501_20221005012401 ---
[2025-12-30 21:19:28] [EventWorker_3] [CB_03_20221004180501_20221005012401] Calculating depths from: labels_rects
[2025-12-30 21:19:28] [EventWorker_3] 
=== Starting Depth Map Generation ===
[2025-12-30 21:19:28] [EventWorker_3]   Source Zarr directory: /rsstu/users/k/kanarde/NASA-Sunnyverse/rmccune/poseidon/data/carolina_beach/flood_events/CB_03_20221004180501_20221005012401/zarr/labels_rects
[2025-12-30 21:19:28] [EventWorker_3]   Output Zarr directory: /rsstu/users/k/kanarde/NASA-Sunnyverse/rmccune/poseidon/data/carolina_beach/flood_events/CB_03_20221004180501_20221005012401/zarr/depth_maps
[2025-12-30 21:19:28] [EventWorker_2] [CB_03_20220930102326_20221001011226] Calculating depths from: labels_rects
[2025-12-30 21:19:28] [EventWorker_2] 
=== Starting Depth Map Generation ===
[2025-12-30 21:19:28] [EventWorker_2]   Source Zarr directory: /rsstu/users/k/kanarde/NASA-Sunnyverse/rmccune/poseidon/data/carolina_beach/flood_events/CB_03_20220930102326_20221001011226/zarr/labels_rects
[2025-12-30 21:19:28] [EventWorker_2]   Output Zarr directory: /rsstu/users/k/kanarde/NASA-Sunnyverse/rmccune/poseidon/data/carolina_beach/flood_events/CB_03_20220930102326_20221001011226/zarr/depth_maps
[2025-12-30 21:19:28] [EventWorker_1] [CB_03_20220929122627_20220929210227] Calculating depths from: labels_rects
[2025-12-30 21:19:28] [EventWorker_1] 
=== Starting Depth Map Generation ===
[2025-12-30 21:19:28] [EventWorker_1]   Source Zarr directory: /rsstu/users/k/kanarde/NASA-Sunnyverse/rmccune/poseidon/data/carolina_beach/flood_events/CB_03_20220929122627_20220929210227/zarr/labels_rects
[2025-12-30 21:19:28] [EventWorker_1]   Output Zarr directory: /rsstu/users/k/kanarde/NASA-Sunnyverse/rmccune/poseidon/data/carolina_beach/flood_events/CB_03_20220929122627_20220929210227/zarr/depth_maps
[2025-12-30 21:19:28] [EventWorker_0] [CB_03_20220819133226_20220819200826] Calculating depths from: labels_rects
[2025-12-30 21:19:28] [EventWorker_0] 
=== Starting Depth Map Generation ===
[2025-12-30 21:19:28] [EventWorker_0]   Source Zarr directory: /rsstu/users/k/kanarde/NASA-Sunnyverse/rmccune/poseidon/data/carolina_beach/flood_events/CB_03_20220819133226_20220819200826/zarr/labels_rects
[2025-12-30 21:19:28] [EventWorker_0]   Output Zarr directory: /rsstu/users/k/kanarde/NASA-Sunnyverse/rmccune/poseidon/data/carolina_beach/flood_events/CB_03_20220819133226_20220819200826/zarr/depth_maps
[2025-12-30 21:19:28] [EventWorker_3]   Found 57 rectified label arrays to process.
[2025-12-30 21:19:28] [EventWorker_3]   Processing file 1/57: CAM_CB_03_20221004202426_predseg_labels_rectified
[2025-12-30 21:19:28] [EventWorker_1]   Found 86 rectified label arrays to process.
[2025-12-30 21:19:28] [EventWorker_1]   Processing file 1/86: CAM_CB_03_20220929175425_predseg_labels_rectified
[2025-12-30 21:19:28] [EventWorker_0]   Found 66 rectified label arrays to process.
[2025-12-30 21:19:28] [EventWorker_0]   Processing file 1/66: CAM_CB_03_20220819190626_predseg_labels_rectified
[2025-12-30 21:19:28] [EventWorker_2]   Found 136 rectified label arrays to process.
[2025-12-30 21:19:28] [EventWorker_2]   Processing file 1/136: CAM_CB_03_20220930183625_predseg_labels_rectified
[2025-12-30 21:22:26] [EventWorker_3] No pond edge elevations found for CAM_CB_03_20221004184225_predseg_labels_rectified. Skipping all histograms.
[2025-12-30 21:22:37] [EventWorker_3]   Processing file 5/57: CAM_CB_03_20221004233629_predseg_labels_rectified
[2025-12-30 21:24:27] [EventWorker_1]   Processing file 8/86: CAM_CB_03_20220929140025_predseg_labels_rectified
[2025-12-30 21:24:27] [EventWorker_1] No pond edge elevations found for CAM_CB_03_20220929140025_predseg_labels_rectified. Skipping all histograms.
[2025-12-30 21:24:31] [EventWorker_0]   Processing file 6/66: CAM_CB_03_20220819164226_predseg_labels_rectified
[2025-12-30 21:24:37] [EventWorker_1] No pond edge elevations found for CAM_CB_03_20220929144225_predseg_labels_rectified. Skipping all histograms.
[2025-12-30 21:24:44] [EventWorker_3] No pond edge elevations found for CAM_CB_03_20221004181825_predseg_labels_rectified. Skipping all histograms.
[2025-12-30 21:25:05] [EventWorker_3]   Processing file 10/57: CAM_CB_03_20221004193026_predseg_labels_rectified
[2025-12-30 21:25:06] [EventWorker_3] No pond edge elevations found for CAM_CB_03_20221004193026_predseg_labels_rectified. Skipping all histograms.
[2025-12-30 21:25:08] [EventWorker_1] No pond edge elevations found for CAM_CB_03_20220929141826_predseg_labels_rectified. Skipping all histograms.
[2025-12-30 21:25:20] [EventWorker_1] No pond edge elevations found for CAM_CB_03_20220929134226_predseg_labels_rectified. Skipping all histograms.
[2025-12-30 21:25:41] [EventWorker_0]   Processing file 12/66: CAM_CB_03_20220819190026_predseg_labels_rectified
[2025-12-30 21:25:41] [EventWorker_3] No pond edge elevations found for CAM_CB_03_20221004184825_predseg_labels_rectified. Skipping all histograms.
[2025-12-30 21:25:46] [EventWorker_2]   Processing file 13/136: CAM_CB_03_20220930114226_predseg_labels_rectified
[2025-12-30 21:25:58] [EventWorker_1]   Processing file 16/86: CAM_CB_03_20220929163626_predseg_labels_rectified
[2025-12-30 21:26:07] [EventWorker_3]   Processing file 15/57: CAM_CB_03_20221004180626_predseg_labels_rectified
[2025-12-30 21:26:07] [EventWorker_3] No pond edge elevations found for CAM_CB_03_20221004180626_predseg_labels_rectified. Skipping all histograms.
[2025-12-30 21:27:31] [EventWorker_1] No pond edge elevations found for CAM_CB_03_20220929131226_predseg_labels_rectified. Skipping all histograms.
[2025-12-30 21:27:44] [EventWorker_3] No pond edge elevations found for CAM_CB_03_20221004185425_predseg_labels_rectified. Skipping all histograms.
[2025-12-30 21:27:45] [EventWorker_1] No pond edge elevations found for CAM_CB_03_20220929142425_predseg_labels_rectified. Skipping all histograms.
[2025-12-30 21:28:05] [EventWorker_1] No pond edge elevations found for CAM_CB_03_20220929141225_predseg_labels_rectified. Skipping all histograms.
[2025-12-30 21:28:06] [EventWorker_0]   Processing file 18/66: CAM_CB_03_20220819185425_predseg_labels_rectified
[2025-12-30 21:28:21] [EventWorker_1] No pond edge elevations found for CAM_CB_03_20220929143026_predseg_labels_rectified. Skipping all histograms.
[2025-12-30 21:28:24] [EventWorker_3]   Processing file 20/57: CAM_CB_03_20221004221826_predseg_labels_rectified
[2025-12-30 21:28:46] [EventWorker_1]   Processing file 24/86: CAM_CB_03_20220929132426_predseg_labels_rectified
[2025-12-30 21:28:47] [EventWorker_1] No pond edge elevations found for CAM_CB_03_20220929132426_predseg_labels_rectified. Skipping all histograms.
[2025-12-30 21:29:22] [EventWorker_0]   Processing file 24/66: CAM_CB_03_20220819143025_predseg_labels_rectified
[2025-12-30 21:29:22] [EventWorker_3]   Processing file 25/57: CAM_CB_03_20221004214826_predseg_labels_rectified
[2025-12-30 21:29:29] [EventWorker_1] No pond edge elevations found for CAM_CB_03_20220929133625_predseg_labels_rectified. Skipping all histograms.
[2025-12-30 21:29:31] [EventWorker_2]   Processing file 26/136: CAM_CB_03_20220930203026_predseg_labels_rectified
[2025-12-30 21:31:33] [EventWorker_1]   Processing file 32/86: CAM_CB_03_20220929174826_predseg_labels_rectified
[2025-12-30 21:31:37] [EventWorker_3] No pond edge elevations found for CAM_CB_03_20221004190026_predseg_labels_rectified. Skipping all histograms.
[2025-12-30 21:32:43] [EventWorker_3]   Processing file 30/57: CAM_CB_03_20221004201225_predseg_labels_rectified
[2025-12-30 21:32:56] [EventWorker_1] No pond edge elevations found for CAM_CB_03_20220929134826_predseg_labels_rectified. Skipping all histograms.
[2025-12-30 21:32:58] [EventWorker_0]   Processing file 30/66: CAM_CB_03_20220819163626_predseg_labels_rectified
[2025-12-30 21:33:18] [EventWorker_3] No pond edge elevations found for CAM_CB_03_20221004182426_predseg_labels_rectified. Skipping all histograms.
[2025-12-30 21:33:40] [EventWorker_3]   Processing file 35/57: CAM_CB_03_20221004194225_predseg_labels_rectified
[2025-12-30 21:33:53] [EventWorker_3] No pond edge elevations found for CAM_CB_03_20221004183025_predseg_labels_rectified. Skipping all histograms.
[2025-12-30 21:33:54] [EventWorker_1] No pond edge elevations found for CAM_CB_03_20220929133025_predseg_labels_rectified. Skipping all histograms.
[2025-12-30 21:34:07] [EventWorker_1]   Processing file 40/86: CAM_CB_03_20220929203626_predseg_labels_rectified
[2025-12-30 21:34:13] [EventWorker_0]   Processing file 36/66: CAM_CB_03_20220819152426_predseg_labels_rectified
[2025-12-30 21:34:23] [EventWorker_2]   Processing file 39/136: CAM_CB_03_20220930184825_predseg_labels_rectified
[2025-12-30 21:34:51] [EventWorker_3]   Processing file 40/57: CAM_CB_03_20221004211225_predseg_labels_rectified
[2025-12-30 21:36:04] [EventWorker_1] No pond edge elevations found for CAM_CB_03_20220929140626_predseg_labels_rectified. Skipping all histograms.
[2025-12-30 21:36:12] [EventWorker_3] No pond edge elevations found for CAM_CB_03_20221004191826_predseg_labels_rectified. Skipping all histograms.
[2025-12-30 21:36:12] [EventWorker_1] No pond edge elevations found for CAM_CB_03_20220929144826_predseg_labels_rectified. Skipping all histograms.
[2025-12-30 21:36:32] [EventWorker_3] No pond edge elevations found for CAM_CB_03_20221004190625_predseg_labels_rectified. Skipping all histograms.
[2025-12-30 21:36:37] [EventWorker_0]   Processing file 42/66: CAM_CB_03_20220819164826_predseg_labels_rectified
[2025-12-30 21:36:40] [EventWorker_3]   Processing file 45/57: CAM_CB_03_20221004212426_predseg_labels_rectified
[2025-12-30 21:36:42] [EventWorker_1]   Processing file 48/86: CAM_CB_03_20220929170025_predseg_labels_rectified
[2025-12-30 21:36:50] [EventWorker_3] No pond edge elevations found for CAM_CB_03_20221004192425_predseg_labels_rectified. Skipping all histograms.
[2025-12-30 21:38:13] [EventWorker_1] No pond edge elevations found for CAM_CB_03_20220929130626_predseg_labels_rectified. Skipping all histograms.
[2025-12-30 21:38:34] [EventWorker_1] No pond edge elevations found for CAM_CB_03_20220929125426_predseg_labels_rectified. Skipping all histograms.
[2025-12-30 21:38:45] [EventWorker_1] No pond edge elevations found for CAM_CB_03_20220929150625_predseg_labels_rectified. Skipping all histograms.
[2025-12-30 21:38:47] [EventWorker_3]   Processing file 50/57: CAM_CB_03_20221004181226_predseg_labels_rectified
[2025-12-30 21:38:48] [EventWorker_3] No pond edge elevations found for CAM_CB_03_20221004181226_predseg_labels_rectified. Skipping all histograms.
[2025-12-30 21:38:51] [EventWorker_0]   Processing file 48/66: CAM_CB_03_20220819173026_predseg_labels_rectified
[2025-12-30 21:39:08] [EventWorker_3] No pond edge elevations found for CAM_CB_03_20221004183626_predseg_labels_rectified. Skipping all histograms.
[2025-12-30 21:39:09] [EventWorker_2]   Processing file 52/136: CAM_CB_03_20220930143026_predseg_labels_rectified
[2025-12-30 21:39:13] [EventWorker_1]   Processing file 56/86: CAM_CB_03_20220929193026_predseg_labels_rectified
[2025-12-30 21:39:16] [EventWorker_3] No pond edge elevations found for CAM_CB_03_20221004191225_predseg_labels_rectified. Skipping all histograms.
[2025-12-30 21:39:23] [EventWorker_1] No pond edge elevations found for CAM_CB_03_20220929130025_predseg_labels_rectified. Skipping all histograms.
[2025-12-30 21:39:36] [EventWorker_3]   Processing file 55/57: CAM_CB_03_20221004195425_predseg_labels_rectified
[2025-12-30 21:41:00] [EventWorker_0]   Processing file 54/66: CAM_CB_03_20220819200626_predseg_labels_rectified
[2025-12-30 21:41:04] [EventWorker_3]   Processing file 57/57: CAM_CB_03_20221004205425_predseg_labels_rectified
[2025-12-30 21:41:15] [EventWorker_3]   Successfully processed 57/57 files.
[2025-12-30 21:41:15] [EventWorker_3] === Depth Map Generation Complete ===
[2025-12-30 21:41:15] [EventWorker_3] +++ Successfully processed event CB_03_20221004180501_20221005012401 +++
[2025-12-30 21:41:15] [EventWorker_3] --- Processing event: CB_03_20221125103134_20221125183634 ---
[2025-12-30 21:41:15] [EventWorker_3] [CB_03_20221125103134_20221125183634] Calculating depths from: labels_rects
[2025-12-30 21:41:15] [EventWorker_3] 
=== Starting Depth Map Generation ===
[2025-12-30 21:41:15] [EventWorker_3]   Source Zarr directory: /rsstu/users/k/kanarde/NASA-Sunnyverse/rmccune/poseidon/data/carolina_beach/flood_events/CB_03_20221125103134_20221125183634/zarr/labels_rects
[2025-12-30 21:41:15] [EventWorker_3]   Output Zarr directory: /rsstu/users/k/kanarde/NASA-Sunnyverse/rmccune/poseidon/data/carolina_beach/flood_events/CB_03_20221125103134_20221125183634/zarr/depth_maps
[2025-12-30 21:41:16] [EventWorker_3]   Found 77 rectified label arrays to process.
[2025-12-30 21:41:16] [EventWorker_3]   Processing file 1/77: CAM_CB_03_20221125174226_predseg_labels_rectified
[2025-12-30 21:41:47] [EventWorker_1]   Processing file 64/86: CAM_CB_03_20220929181826_predseg_labels_rectified
[2025-12-30 21:43:09] [EventWorker_0]   Processing file 60/66: CAM_CB_03_20220819140625_predseg_labels_rectified
[2025-12-30 21:43:13] [EventWorker_1] No pond edge elevations found for CAM_CB_03_20220929124825_predseg_labels_rectified. Skipping all histograms.
[2025-12-30 21:43:23] [EventWorker_1] No pond edge elevations found for CAM_CB_03_20220929124226_predseg_labels_rectified. Skipping all histograms.
[2025-12-30 21:43:24] [EventWorker_3]   Processing file 7/77: CAM_CB_03_20221125153026_predseg_labels_rectified
[2025-12-30 21:43:33] [EventWorker_1] No pond edge elevations found for CAM_CB_03_20220929145426_predseg_labels_rectified. Skipping all histograms.
[2025-12-30 21:43:37] [EventWorker_2]   Processing file 65/136: CAM_CB_03_20220930201225_predseg_labels_rectified
[2025-12-30 21:45:02] [EventWorker_1] No pond edge elevations found for CAM_CB_03_20220929123026_predseg_labels_rectified. Skipping all histograms.
[2025-12-30 21:45:11] [EventWorker_1]   Processing file 72/86: CAM_CB_03_20220929131826_predseg_labels_rectified
[2025-12-30 21:45:11] [EventWorker_1] No pond edge elevations found for CAM_CB_03_20220929131826_predseg_labels_rectified. Skipping all histograms.
[2025-12-30 21:45:18] [EventWorker_0]   Processing file 66/66: CAM_CB_03_20220819154826_predseg_labels_rectified
[2025-12-30 21:45:28] [EventWorker_0]   Successfully processed 66/66 files.
[2025-12-30 21:45:28] [EventWorker_0] === Depth Map Generation Complete ===
[2025-12-30 21:45:28] [EventWorker_0] +++ Successfully processed event CB_03_20220819133226_20220819200826 +++
[2025-12-30 21:45:28] [EventWorker_0] --- Processing event: CB_03_20221222085004_20221222183804 ---
[2025-12-30 21:45:28] [EventWorker_0] [CB_03_20221222085004_20221222183804] Calculating depths from: labels_rects
[2025-12-30 21:45:28] [EventWorker_0] 
=== Starting Depth Map Generation ===
[2025-12-30 21:45:28] [EventWorker_0]   Source Zarr directory: /rsstu/users/k/kanarde/NASA-Sunnyverse/rmccune/poseidon/data/carolina_beach/flood_events/CB_03_20221222085004_20221222183804/zarr/labels_rects
[2025-12-30 21:45:28] [EventWorker_0]   Output Zarr directory: /rsstu/users/k/kanarde/NASA-Sunnyverse/rmccune/poseidon/data/carolina_beach/flood_events/CB_03_20221222085004_20221222183804/zarr/depth_maps
[2025-12-30 21:45:28] [EventWorker_0]   Found 73 rectified label arrays to process.
[2025-12-30 21:45:28] [EventWorker_0]   Processing file 1/73: CAM_CB_03_20221222140626_predseg_labels_rectified
[2025-12-30 21:45:34] [EventWorker_3]   Processing file 14/77: CAM_CB_03_20221125132426_predseg_labels_rectified
[2025-12-30 21:45:46] [EventWorker_1] No pond edge elevations found for CAM_CB_03_20220929143626_predseg_labels_rectified. Skipping all histograms.
[2025-12-30 21:45:57] [EventWorker_1] No pond edge elevations found for CAM_CB_03_20220929123626_predseg_labels_rectified. Skipping all histograms.
[2025-12-30 21:46:31] [EventWorker_0]   Processing file 7/73: CAM_CB_03_20221222132045_predseg_labels_rectified
[2025-12-30 21:46:42] [EventWorker_1]   Processing file 80/86: CAM_CB_03_20220929165425_predseg_labels_rectified
[2025-12-30 21:47:38] [EventWorker_2]   Processing file 78/136: CAM_CB_03_20220930230026_predseg_labels_rectified
[2025-12-30 21:47:38] [EventWorker_3]   Processing file 21/77: CAM_CB_03_20221125173025_predseg_labels_rectified
[2025-12-30 21:48:13] [EventWorker_1] No pond edge elevations found for CAM_CB_03_20220929135426_predseg_labels_rectified. Skipping all histograms.
[2025-12-30 21:48:37] [EventWorker_1]   Processing file 86/86: CAM_CB_03_20220929150026_predseg_labels_rectified
[2025-12-30 21:48:37] [EventWorker_1] No pond edge elevations found for CAM_CB_03_20220929150026_predseg_labels_rectified. Skipping all histograms.
[2025-12-30 21:48:43] [EventWorker_0]   Processing file 14/73: CAM_CB_03_20221222122426_predseg_labels_rectified
[2025-12-30 21:48:47] [EventWorker_1]   Successfully processed 86/86 files.
[2025-12-30 21:48:47] [EventWorker_1] === Depth Map Generation Complete ===
[2025-12-30 21:48:47] [EventWorker_1] +++ Successfully processed event CB_03_20220929122627_20220929210227 +++
[2025-12-30 21:48:47] [EventWorker_1] --- Processing event: CB_03_20230122092349_20230122191149 ---
[2025-12-30 21:48:47] [EventWorker_1] [CB_03_20230122092349_20230122191149] Calculating depths from: labels_rects
[2025-12-30 21:48:47] [EventWorker_1] 
=== Starting Depth Map Generation ===
[2025-12-30 21:48:47] [EventWorker_1]   Source Zarr directory: /rsstu/users/k/kanarde/NASA-Sunnyverse/rmccune/poseidon/data/carolina_beach/flood_events/CB_03_20230122092349_20230122191149/zarr/labels_rects
[2025-12-30 21:48:47] [EventWorker_1]   Output Zarr directory: /rsstu/users/k/kanarde/NASA-Sunnyverse/rmccune/poseidon/data/carolina_beach/flood_events/CB_03_20230122092349_20230122191149/zarr/depth_maps
[2025-12-30 21:48:47] [EventWorker_1]   Found 82 rectified label arrays to process.
[2025-12-30 21:48:47] [EventWorker_1]   Processing file 1/82: CAM_CB_03_20230122180026_predseg_labels_rectified
[2025-12-30 21:49:10] [EventWorker_3]   Processing file 28/77: CAM_CB_03_20221125170626_predseg_labels_rectified
[2025-12-30 21:50:07] [EventWorker_2]   Processing file 91/136: CAM_CB_03_20220930204825_predseg_labels_rectified
[2025-12-30 21:50:19] [EventWorker_0]   Processing file 21/73: CAM_CB_03_20221222121826_predseg_labels_rectified
[2025-12-30 21:50:21] [EventWorker_1]   Processing file 8/82: CAM_CB_03_20230122165426_predseg_labels_rectified
[2025-12-30 21:50:38] [EventWorker_3]   Processing file 35/77: CAM_CB_03_20221125122426_predseg_labels_rectified
[2025-12-30 21:52:48] [EventWorker_0]   Processing file 28/73: CAM_CB_03_20221222173034_predseg_labels_rectified
[2025-12-30 21:52:59] [EventWorker_1]   Processing file 16/82: CAM_CB_03_20230122174825_predseg_labels_rectified
[2025-12-30 21:53:08] [EventWorker_3]   Processing file 42/77: CAM_CB_03_20221125171826_predseg_labels_rectified
[2025-12-30 21:53:46] [EventWorker_2]   Processing file 104/136: CAM_CB_03_20220930191826_predseg_labels_rectified
[2025-12-30 21:54:38] [EventWorker_0]   Processing file 35/73: CAM_CB_03_20221222134908_predseg_labels_rectified
[2025-12-30 21:54:50] [EventWorker_1]   Processing file 24/82: CAM_CB_03_20230122182426_predseg_labels_rectified
[2025-12-30 21:54:58] [EventWorker_3]   Processing file 49/77: CAM_CB_03_20221125145426_predseg_labels_rectified
[2025-12-30 21:57:10] [EventWorker_0]   Processing file 42/73: CAM_CB_03_20221222172445_predseg_labels_rectified
[2025-12-30 21:59:10] [EventWorker_3]   Processing file 56/77: CAM_CB_03_20221125142426_predseg_labels_rectified
[2025-12-30 21:59:16] [EventWorker_1]   Processing file 32/82: CAM_CB_03_20230122175426_predseg_labels_rectified
[2025-12-30 21:59:25] [EventWorker_2]   Processing file 117/136: CAM_CB_03_20220930104830_predseg_labels_rectified
[2025-12-30 21:59:54] [EventWorker_0]   Processing file 49/73: CAM_CB_03_20221222153706_predseg_labels_rectified
[2025-12-30 22:00:05] [EventWorker_3]   Processing file 63/77: CAM_CB_03_20221125123025_predseg_labels_rectified
[2025-12-30 22:00:13] [EventWorker_1]   Processing file 40/82: CAM_CB_03_20230122181225_predseg_labels_rectified
[2025-12-30 22:00:51] [EventWorker_0]   Processing file 56/73: CAM_CB_03_20221222111831_predseg_labels_rectified
[2025-12-30 22:01:08] [EventWorker_3]   Processing file 70/77: CAM_CB_03_20221125181226_predseg_labels_rectified
[2025-12-30 22:01:12] [EventWorker_2]   Processing file 130/136: CAM_CB_03_20220930161225_predseg_labels_rectified
[2025-12-30 22:01:24] [EventWorker_1]   Processing file 48/82: CAM_CB_03_20230122171225_predseg_labels_rectified
[2025-12-30 22:01:43] [EventWorker_0]   Processing file 63/73: CAM_CB_03_20221222164826_predseg_labels_rectified
[2025-12-30 22:01:55] [EventWorker_2]   Processing file 136/136: CAM_CB_03_20220930200026_predseg_labels_rectified
[2025-12-30 22:02:02] [EventWorker_3]   Processing file 77/77: CAM_CB_03_20221125183026_predseg_labels_rectified
[2025-12-30 22:02:03] [EventWorker_2]   Successfully processed 136/136 files.
[2025-12-30 22:02:03] [EventWorker_2] === Depth Map Generation Complete ===
[2025-12-30 22:02:03] [EventWorker_2] +++ Successfully processed event CB_03_20220930102326_20221001011226 +++
[2025-12-30 22:02:03] [EventWorker_2] --- Processing event: CB_03_20230827203804_20230828025604 ---
[2025-12-30 22:02:03] [EventWorker_2] [CB_03_20230827203804_20230828025604] Calculating depths from: labels_rects
[2025-12-30 22:02:03] [EventWorker_2] 
=== Starting Depth Map Generation ===
[2025-12-30 22:02:03] [EventWorker_2]   Source Zarr directory: /rsstu/users/k/kanarde/NASA-Sunnyverse/rmccune/poseidon/data/carolina_beach/flood_events/CB_03_20230827203804_20230828025604/zarr/labels_rects
[2025-12-30 22:02:03] [EventWorker_2]   Output Zarr directory: /rsstu/users/k/kanarde/NASA-Sunnyverse/rmccune/poseidon/data/carolina_beach/flood_events/CB_03_20230827203804_20230828025604/zarr/depth_maps
[2025-12-30 22:02:03] [EventWorker_2]   Found 32 rectified label arrays to process.
[2025-12-30 22:02:03] [EventWorker_2]   Processing file 1/32: CAM_CB_03_20230827204225_predseg_labels_rectified
[2025-12-30 22:02:03] [EventWorker_2] No pond edge elevations found for CAM_CB_03_20230827204225_predseg_labels_rectified. Skipping all histograms.
[2025-12-30 22:02:10] [EventWorker_2] No pond edge elevations found for CAM_CB_03_20230827210025_predseg_labels_rectified. Skipping all histograms.
[2025-12-30 22:02:10] [EventWorker_3]   Successfully processed 77/77 files.
[2025-12-30 22:02:10] [EventWorker_3] === Depth Map Generation Complete ===
[2025-12-30 22:02:10] [EventWorker_3] +++ Successfully processed event CB_03_20221125103134_20221125183634 +++
[2025-12-30 22:02:10] [EventWorker_3] --- Processing event: CB_03_20230830200204_20230831071404 ---
[2025-12-30 22:02:10] [EventWorker_3] [CB_03_20230830200204_20230831071404] Calculating depths from: labels_rects
[2025-12-30 22:02:10] [EventWorker_3] 
=== Starting Depth Map Generation ===
[2025-12-30 22:02:10] [EventWorker_3]   Source Zarr directory: /rsstu/users/k/kanarde/NASA-Sunnyverse/rmccune/poseidon/data/carolina_beach/flood_events/CB_03_20230830200204_20230831071404/zarr/labels_rects
[2025-12-30 22:02:10] [EventWorker_3]   Output Zarr directory: /rsstu/users/k/kanarde/NASA-Sunnyverse/rmccune/poseidon/data/carolina_beach/flood_events/CB_03_20230830200204_20230831071404/zarr/depth_maps
[2025-12-30 22:02:10] [EventWorker_3]   Found 39 rectified label arrays to process.
[2025-12-30 22:02:10] [EventWorker_3]   Processing file 1/39: CAM_CB_03_20230830214225_predseg_labels_rectified
[2025-12-30 22:02:16] [EventWorker_2]   Processing file 3/32: CAM_CB_03_20230827233626_predseg_labels_rectified
[2025-12-30 22:02:23] [EventWorker_2] No pond edge elevations found for CAM_CB_03_20230827225425_predseg_labels_rectified. Skipping all histograms.
[2025-12-30 22:02:23] [EventWorker_3]   Processing file 3/39: CAM_CB_03_20230830222425_predseg_labels_rectified
[2025-12-30 22:02:24] [EventWorker_1]   Processing file 56/82: CAM_CB_03_20230122134825_predseg_labels_rectified
[2025-12-30 22:02:29] [EventWorker_2] No pond edge elevations found for CAM_CB_03_20230827212425_predseg_labels_rectified. Skipping all histograms.
[2025-12-30 22:02:34] [EventWorker_0]   Processing file 70/73: CAM_CB_03_20221222143025_predseg_labels_rectified
[2025-12-30 22:02:35] [EventWorker_2]   Processing file 6/32: CAM_CB_03_20230827235430_predseg_labels_rectified
[2025-12-30 22:02:44] [EventWorker_3]   Processing file 6/39: CAM_CB_03_20230830231825_predseg_labels_rectified
[2025-12-30 22:02:51] [EventWorker_2] No pond edge elevations found for CAM_CB_03_20230827211225_predseg_labels_rectified. Skipping all histograms.
[2025-12-30 22:02:56] [EventWorker_0]   Processing file 73/73: CAM_CB_03_20221222164226_predseg_labels_rectified
[2025-12-30 22:02:57] [EventWorker_2]   Processing file 9/32: CAM_CB_03_20230827231225_predseg_labels_rectified
[2025-12-30 22:03:02] [EventWorker_0]   Successfully processed 73/73 files.
[2025-12-30 22:03:02] [EventWorker_0] === Depth Map Generation Complete ===
[2025-12-30 22:03:02] [EventWorker_0] +++ Successfully processed event CB_03_20221222085004_20221222183804 +++
[2025-12-30 22:03:02] [EventWorker_0] --- Processing event: CB_03_20230901122604_20230901183804 ---
[2025-12-30 22:03:02] [EventWorker_0] [CB_03_20230901122604_20230901183804] Calculating depths from: labels_rects
[2025-12-30 22:03:02] [EventWorker_0] 
=== Starting Depth Map Generation ===
[2025-12-30 22:03:02] [EventWorker_0]   Source Zarr directory: /rsstu/users/k/kanarde/NASA-Sunnyverse/rmccune/poseidon/data/carolina_beach/flood_events/CB_03_20230901122604_20230901183804/zarr/labels_rects
[2025-12-30 22:03:02] [EventWorker_0]   Output Zarr directory: /rsstu/users/k/kanarde/NASA-Sunnyverse/rmccune/poseidon/data/carolina_beach/flood_events/CB_03_20230901122604_20230901183804/zarr/depth_maps
[2025-12-30 22:03:02] [EventWorker_0]   Found 62 rectified label arrays to process.
[2025-12-30 22:03:02] [EventWorker_0]   Processing file 1/62: CAM_CB_03_20230901165425_predseg_labels_rectified
[2025-12-30 22:03:03] [EventWorker_2] No pond edge elevations found for CAM_CB_03_20230827221225_predseg_labels_rectified. Skipping all histograms.
[2025-12-30 22:03:05] [EventWorker_3]   Processing file 9/39: CAM_CB_03_20230830203025_predseg_labels_rectified
[2025-12-30 22:03:09] [EventWorker_2] No pond edge elevations found for CAM_CB_03_20230827223025_predseg_labels_rectified. Skipping all histograms.
[2025-12-30 22:03:14] [EventWorker_2]   Processing file 12/32: CAM_CB_03_20230827232425_predseg_labels_rectified
[2025-12-30 22:03:21] [EventWorker_1]   Processing file 64/82: CAM_CB_03_20230122163626_predseg_labels_rectified
[2025-12-30 22:03:23] [EventWorker_2] No pond edge elevations found for CAM_CB_03_20230827204825_predseg_labels_rectified. Skipping all histograms.
[2025-12-30 22:03:26] [EventWorker_3]   Processing file 12/39: CAM_CB_03_20230830225425_predseg_labels_rectified
[2025-12-30 22:03:29] [EventWorker_2] No pond edge elevations found for CAM_CB_03_20230827205425_predseg_labels_rectified. Skipping all histograms.
[2025-12-30 22:03:34] [EventWorker_2]   Processing file 15/32: CAM_CB_03_20230827223625_predseg_labels_rectified
[2025-12-30 22:03:34] [EventWorker_2] No pond edge elevations found for CAM_CB_03_20230827223625_predseg_labels_rectified. Skipping all histograms.
[2025-12-30 22:03:34] [EventWorker_0]   Processing file 6/62: CAM_CB_03_20230901140625_predseg_labels_rectified
[2025-12-30 22:03:40] [EventWorker_2] No pond edge elevations found for CAM_CB_03_20230827215425_predseg_labels_rectified. Skipping all histograms.
[2025-12-30 22:03:42] [EventWorker_3]   Processing file 15/39: CAM_CB_03_20230830202425_predseg_labels_rectified
[2025-12-30 22:03:44] [EventWorker_2] No pond edge elevations found for CAM_CB_03_20230827210626_predseg_labels_rectified. Skipping all histograms.
[2025-12-30 22:03:49] [EventWorker_2]   Processing file 18/32: CAM_CB_03_20230827220625_predseg_labels_rectified
[2025-12-30 22:03:49] [EventWorker_2] No pond edge elevations found for CAM_CB_03_20230827220625_predseg_labels_rectified. Skipping all histograms.
[2025-12-30 22:03:56] [EventWorker_2] No pond edge elevations found for CAM_CB_03_20230827214225_predseg_labels_rectified. Skipping all histograms.
[2025-12-30 22:04:00] [EventWorker_3]   Processing file 18/39: CAM_CB_03_20230830203625_predseg_labels_rectified
[2025-12-30 22:04:02] [EventWorker_2] No pond edge elevations found for CAM_CB_03_20230827214825_predseg_labels_rectified. Skipping all histograms.
[2025-12-30 22:04:07] [EventWorker_2]   Processing file 21/32: CAM_CB_03_20230827231825_predseg_labels_rectified
[2025-12-30 22:04:09] [EventWorker_0]   Processing file 12/62: CAM_CB_03_20230901160025_predseg_labels_rectified
[2025-12-30 22:04:10] [EventWorker_1]   Processing file 72/82: CAM_CB_03_20230122153625_predseg_labels_rectified
[2025-12-30 22:04:18] [EventWorker_3]   Processing file 21/39: CAM_CB_03_20230830210625_predseg_labels_rectified
[2025-12-30 22:04:19] [EventWorker_2] No pond edge elevations found for CAM_CB_03_20230827224225_predseg_labels_rectified. Skipping all histograms.
[2025-12-30 22:04:24] [EventWorker_2]   Processing file 24/32: CAM_CB_03_20230827230625_predseg_labels_rectified
[2025-12-30 22:04:24] [EventWorker_2] No pond edge elevations found for CAM_CB_03_20230827230625_predseg_labels_rectified. Skipping all histograms.
[2025-12-30 22:04:28] [EventWorker_2] No pond edge elevations found for CAM_CB_03_20230827224825_predseg_labels_rectified. Skipping all histograms.
[2025-12-30 22:04:34] [EventWorker_2] No pond edge elevations found for CAM_CB_03_20230827213625_predseg_labels_rectified. Skipping all histograms.
[2025-12-30 22:04:34] [EventWorker_3]   Processing file 24/39: CAM_CB_03_20230830213626_predseg_labels_rectified
[2025-12-30 22:04:39] [EventWorker_2]   Processing file 27/32: CAM_CB_03_20230827222425_predseg_labels_rectified
[2025-12-30 22:04:39] [EventWorker_2] No pond edge elevations found for CAM_CB_03_20230827222425_predseg_labels_rectified. Skipping all histograms.
[2025-12-30 22:04:43] [EventWorker_0]   Processing file 18/62: CAM_CB_03_20230901150625_predseg_labels_rectified
[2025-12-30 22:04:52] [EventWorker_2] No pond edge elevations found for CAM_CB_03_20230827213026_predseg_labels_rectified. Skipping all histograms.
[2025-12-30 22:04:53] [EventWorker_3]   Processing file 27/39: CAM_CB_03_20230830205425_predseg_labels_rectified
[2025-12-30 22:04:57] [EventWorker_2]   Processing file 30/32: CAM_CB_03_20230827220025_predseg_labels_rectified
[2025-12-30 22:04:57] [EventWorker_1]   Processing file 80/82: CAM_CB_03_20230122160025_predseg_labels_rectified
[2025-12-30 22:04:57] [EventWorker_2] No pond edge elevations found for CAM_CB_03_20230827220025_predseg_labels_rectified. Skipping all histograms.
[2025-12-30 22:05:02] [EventWorker_2] No pond edge elevations found for CAM_CB_03_20230827211825_predseg_labels_rectified. Skipping all histograms.
[2025-12-30 22:05:07] [EventWorker_2]   Processing file 32/32: CAM_CB_03_20230827221825_predseg_labels_rectified
[2025-12-30 22:05:07] [EventWorker_2] No pond edge elevations found for CAM_CB_03_20230827221825_predseg_labels_rectified. Skipping all histograms.
[2025-12-30 22:05:08] [EventWorker_1]   Processing file 82/82: CAM_CB_03_20230122185426_predseg_labels_rectified
[2025-12-30 22:05:10] [EventWorker_3]   Processing file 30/39: CAM_CB_03_20230830223625_predseg_labels_rectified
[2025-12-30 22:05:13] [EventWorker_2]   Successfully processed 32/32 files.
[2025-12-30 22:05:13] [EventWorker_2] === Depth Map Generation Complete ===
[2025-12-30 22:05:13] [EventWorker_2] +++ Successfully processed event CB_03_20230827203804_20230828025604 +++
[2025-12-30 22:05:13] [EventWorker_2] --- Processing event: CB_03_20230902131404_20230902193204 ---
[2025-12-30 22:05:13] [EventWorker_2] [CB_03_20230902131404_20230902193204] Calculating depths from: labels_rects
[2025-12-30 22:05:13] [EventWorker_2] 
=== Starting Depth Map Generation ===
[2025-12-30 22:05:13] [EventWorker_2]   Source Zarr directory: /rsstu/users/k/kanarde/NASA-Sunnyverse/rmccune/poseidon/data/carolina_beach/flood_events/CB_03_20230902131404_20230902193204/zarr/labels_rects
[2025-12-30 22:05:13] [EventWorker_2]   Output Zarr directory: /rsstu/users/k/kanarde/NASA-Sunnyverse/rmccune/poseidon/data/carolina_beach/flood_events/CB_03_20230902131404_20230902193204/zarr/depth_maps
[2025-12-30 22:05:13] [EventWorker_2]   Found 63 rectified label arrays to process.
[2025-12-30 22:05:13] [EventWorker_2]   Processing file 1/63: CAM_CB_03_20230902135425_predseg_labels_rectified
[2025-12-30 22:05:15] [EventWorker_1]   Successfully processed 82/82 files.
[2025-12-30 22:05:15] [EventWorker_1] === Depth Map Generation Complete ===
[2025-12-30 22:05:15] [EventWorker_1] +++ Successfully processed event CB_03_20230122092349_20230122191149 +++
[2025-12-30 22:05:15] [EventWorker_1] --- Processing event: CB_03_20230929095004_20230929182004 ---
[2025-12-30 22:05:15] [EventWorker_1] [CB_03_20230929095004_20230929182004] Calculating depths from: labels_rects
[2025-12-30 22:05:15] [EventWorker_1] 
=== Starting Depth Map Generation ===
[2025-12-30 22:05:15] [EventWorker_1]   Source Zarr directory: /rsstu/users/k/kanarde/NASA-Sunnyverse/rmccune/poseidon/data/carolina_beach/flood_events/CB_03_20230929095004_20230929182004/zarr/labels_rects
[2025-12-30 22:05:15] [EventWorker_1]   Output Zarr directory: /rsstu/users/k/kanarde/NASA-Sunnyverse/rmccune/poseidon/data/carolina_beach/flood_events/CB_03_20230929095004_20230929182004/zarr/depth_maps
[2025-12-30 22:05:15] [EventWorker_1]   Found 84 rectified label arrays to process.
[2025-12-30 22:05:15] [EventWorker_1]   Processing file 1/84: CAM_CB_03_20230929120625_predseg_labels_rectified
[2025-12-30 22:05:19] [EventWorker_0]   Processing file 24/62: CAM_CB_03_20230901174825_predseg_labels_rectified
[2025-12-30 22:05:33] [EventWorker_3]   Processing file 33/39: CAM_CB_03_20230830214825_predseg_labels_rectified
[2025-12-30 22:05:48] [EventWorker_2]   Processing file 6/63: CAM_CB_03_20230902191225_predseg_labels_rectified
[2025-12-30 22:05:52] [EventWorker_3]   Processing file 36/39: CAM_CB_03_20230830232425_predseg_labels_rectified
[2025-12-30 22:06:00] [EventWorker_0]   Processing file 30/62: CAM_CB_03_20230901171825_predseg_labels_rectified
[2025-12-30 22:06:03] [EventWorker_1]   Processing file 8/84: CAM_CB_03_20230929100646_predseg_labels_rectified
[2025-12-30 22:06:14] [EventWorker_3]   Processing file 39/39: CAM_CB_03_20230830223026_predseg_labels_rectified
[2025-12-30 22:06:21] [EventWorker_3]   Successfully processed 39/39 files.
[2025-12-30 22:06:21] [EventWorker_3] === Depth Map Generation Complete ===
[2025-12-30 22:06:21] [EventWorker_3] +++ Successfully processed event CB_03_20230830200204_20230831071404 +++
[2025-12-30 22:06:21] [EventWorker_3] --- Processing event: CB_03_20230930121404_20230930184404 ---
[2025-12-30 22:06:21] [EventWorker_3] [CB_03_20230930121404_20230930184404] Calculating depths from: labels_rects
[2025-12-30 22:06:21] [EventWorker_3] 
=== Starting Depth Map Generation ===
[2025-12-30 22:06:21] [EventWorker_3]   Source Zarr directory: /rsstu/users/k/kanarde/NASA-Sunnyverse/rmccune/poseidon/data/carolina_beach/flood_events/CB_03_20230930121404_20230930184404/zarr/labels_rects
[2025-12-30 22:06:21] [EventWorker_3]   Output Zarr directory: /rsstu/users/k/kanarde/NASA-Sunnyverse/rmccune/poseidon/data/carolina_beach/flood_events/CB_03_20230930121404_20230930184404/zarr/depth_maps
[2025-12-30 22:06:21] [EventWorker_3]   Found 65 rectified label arrays to process.
[2025-12-30 22:06:21] [EventWorker_3]   Processing file 1/65: CAM_CB_03_20230930145425_predseg_labels_rectified
[2025-12-30 22:06:27] [EventWorker_2]   Processing file 12/63: CAM_CB_03_20230902140625_predseg_labels_rectified
[2025-12-30 22:06:40] [EventWorker_0]   Processing file 36/62: CAM_CB_03_20230901140025_predseg_labels_rectified
[2025-12-30 22:06:57] [EventWorker_1]   Processing file 16/84: CAM_CB_03_20230929181825_predseg_labels_rectified
[2025-12-30 22:06:57] [EventWorker_3]   Processing file 6/65: CAM_CB_03_20230930144825_predseg_labels_rectified
[2025-12-30 22:07:09] [EventWorker_2]   Processing file 18/63: CAM_CB_03_20230902173625_predseg_labels_rectified
[2025-12-30 22:07:18] [EventWorker_0]   Processing file 42/62: CAM_CB_03_20230901150025_predseg_labels_rectified
[2025-12-30 22:07:35] [EventWorker_3]   Processing file 12/65: CAM_CB_03_20230930180025_predseg_labels_rectified
[2025-12-30 22:07:50] [EventWorker_1]   Processing file 24/84: CAM_CB_03_20230929160625_predseg_labels_rectified
[2025-12-30 22:07:51] [EventWorker_2]   Processing file 24/63: CAM_CB_03_20230902145425_predseg_labels_rectified
[2025-12-30 22:07:59] [EventWorker_0]   Processing file 48/62: CAM_CB_03_20230901153026_predseg_labels_rectified
[2025-12-30 22:08:14] [EventWorker_3]   Processing file 18/65: CAM_CB_03_20230930154826_predseg_labels_rectified
[2025-12-30 22:08:31] [EventWorker_2]   Processing file 30/63: CAM_CB_03_20230902161825_predseg_labels_rectified
[2025-12-30 22:08:38] [EventWorker_0]   Processing file 54/62: CAM_CB_03_20230901161825_predseg_labels_rectified
[2025-12-30 22:08:43] [EventWorker_1]   Processing file 32/84: CAM_CB_03_20230929110625_predseg_labels_rectified
[2025-12-30 22:08:53] [EventWorker_3]   Processing file 24/65: CAM_CB_03_20230930124825_predseg_labels_rectified
[2025-12-30 22:09:12] [EventWorker_2]   Processing file 36/63: CAM_CB_03_20230902180625_predseg_labels_rectified
[2025-12-30 22:09:15] [EventWorker_0]   Processing file 60/62: CAM_CB_03_20230901130625_predseg_labels_rectified
[2025-12-30 22:09:28] [EventWorker_0]   Processing file 62/62: CAM_CB_03_20230901153626_predseg_labels_rectified
[2025-12-30 22:09:31] [EventWorker_3]   Processing file 30/65: CAM_CB_03_20230930174825_predseg_labels_rectified
[2025-12-30 22:09:32] [EventWorker_1]   Processing file 40/84: CAM_CB_03_20230929125425_predseg_labels_rectified
[2025-12-30 22:09:34] [EventWorker_0]   Successfully processed 62/62 files.
[2025-12-30 22:09:34] [EventWorker_0] === Depth Map Generation Complete ===
[2025-12-30 22:09:34] [EventWorker_0] +++ Successfully processed event CB_03_20230901122604_20230901183804 +++
[2025-12-30 22:09:34] [EventWorker_0] --- Processing event: CB_03_20231001123713_20231001194913 ---
[2025-12-30 22:09:34] [EventWorker_0] [CB_03_20231001123713_20231001194913] Calculating depths from: labels_rects
[2025-12-30 22:09:34] [EventWorker_0] 
=== Starting Depth Map Generation ===
[2025-12-30 22:09:34] [EventWorker_0]   Source Zarr directory: /rsstu/users/k/kanarde/NASA-Sunnyverse/rmccune/poseidon/data/carolina_beach/flood_events/CB_03_20231001123713_20231001194913/zarr/labels_rects
[2025-12-30 22:09:34] [EventWorker_0]   Output Zarr directory: /rsstu/users/k/kanarde/NASA-Sunnyverse/rmccune/poseidon/data/carolina_beach/flood_events/CB_03_20231001123713_20231001194913/zarr/depth_maps
[2025-12-30 22:09:34] [EventWorker_0]   Found 72 rectified label arrays to process.
[2025-12-30 22:09:34] [EventWorker_0]   Processing file 1/72: CAM_CB_03_20231001174226_predseg_labels_rectified
[2025-12-30 22:09:50] [EventWorker_2]   Processing file 42/63: CAM_CB_03_20230902131825_predseg_labels_rectified
[2025-12-30 22:10:08] [EventWorker_3]   Processing file 36/65: CAM_CB_03_20230930132425_predseg_labels_rectified
[2025-12-30 22:10:11] [EventWorker_0]   Processing file 7/72: CAM_CB_03_20231001193625_predseg_labels_rectified
[2025-12-30 22:10:22] [EventWorker_1]   Processing file 48/84: CAM_CB_03_20230929103042_predseg_labels_rectified
[2025-12-30 22:10:29] [EventWorker_2]   Processing file 48/63: CAM_CB_03_20230902132425_predseg_labels_rectified
[2025-12-30 22:10:44] [EventWorker_3]   Processing file 42/65: CAM_CB_03_20230930170025_predseg_labels_rectified
[2025-12-30 22:10:55] [EventWorker_0]   Processing file 14/72: CAM_CB_03_20231001163625_predseg_labels_rectified
[2025-12-30 22:11:08] [EventWorker_2]   Processing file 54/63: CAM_CB_03_20230902171225_predseg_labels_rectified
[2025-12-30 22:11:10] [EventWorker_1]   Processing file 56/84: CAM_CB_03_20230929101846_predseg_labels_rectified
[2025-12-30 22:11:20] [EventWorker_3]   Processing file 48/65: CAM_CB_03_20230930164825_predseg_labels_rectified
[2025-12-30 22:11:37] [EventWorker_0]   Processing file 21/72: CAM_CB_03_20231001155426_predseg_labels_rectified
[2025-12-30 22:11:45] [EventWorker_2]   Processing file 60/63: CAM_CB_03_20230902171825_predseg_labels_rectified
[2025-12-30 22:11:56] [EventWorker_3]   Processing file 54/65: CAM_CB_03_20230930125425_predseg_labels_rectified
[2025-12-30 22:11:59] [EventWorker_1]   Processing file 64/84: CAM_CB_03_20230929130625_predseg_labels_rectified
[2025-12-30 22:12:02] [EventWorker_2]   Processing file 63/63: CAM_CB_03_20230902144825_predseg_labels_rectified
[2025-12-30 22:12:07] [EventWorker_2]   Successfully processed 63/63 files.
[2025-12-30 22:12:07] [EventWorker_2] === Depth Map Generation Complete ===
[2025-12-30 22:12:07] [EventWorker_2] +++ Successfully processed event CB_03_20230902131404_20230902193204 +++
[2025-12-30 22:12:07] [EventWorker_2] --- Processing event: CB_03_20231002131313_20231002203713 ---
[2025-12-30 22:12:07] [EventWorker_2] [CB_03_20231002131313_20231002203713] Calculating depths from: labels_rects
[2025-12-30 22:12:07] [EventWorker_2] 
=== Starting Depth Map Generation ===
[2025-12-30 22:12:07] [EventWorker_2]   Source Zarr directory: /rsstu/users/k/kanarde/NASA-Sunnyverse/rmccune/poseidon/data/carolina_beach/flood_events/CB_03_20231002131313_20231002203713/zarr/labels_rects
[2025-12-30 22:12:07] [EventWorker_2]   Output Zarr directory: /rsstu/users/k/kanarde/NASA-Sunnyverse/rmccune/poseidon/data/carolina_beach/flood_events/CB_03_20231002131313_20231002203713/zarr/depth_maps
[2025-12-30 22:12:07] [EventWorker_2]   Found 74 rectified label arrays to process.
[2025-12-30 22:12:07] [EventWorker_2]   Processing file 1/74: CAM_CB_03_20231002164226_predseg_labels_rectified
[2025-12-30 22:12:15] [EventWorker_0]   Processing file 28/72: CAM_CB_03_20231001181225_predseg_labels_rectified
[2025-12-30 22:12:30] [EventWorker_3]   Processing file 60/65: CAM_CB_03_20230930142425_predseg_labels_rectified
[2025-12-30 22:12:41] [EventWorker_2]   Processing file 7/74: CAM_CB_03_20231002194225_predseg_labels_rectified
[2025-12-30 22:12:44] [EventWorker_1]   Processing file 72/84: CAM_CB_03_20230929180025_predseg_labels_rectified
[2025-12-30 22:12:55] [EventWorker_0]   Processing file 35/72: CAM_CB_03_20231001184825_predseg_labels_rectified
[2025-12-30 22:12:59] [EventWorker_3]   Processing file 65/65: CAM_CB_03_20230930134225_predseg_labels_rectified
[2025-12-30 22:13:04] [EventWorker_3]   Successfully processed 65/65 files.
[2025-12-30 22:13:04] [EventWorker_3] === Depth Map Generation Complete ===
[2025-12-30 22:13:04] [EventWorker_3] +++ Successfully processed event CB_03_20230930121404_20230930184404 +++
[2025-12-30 22:13:04] [EventWorker_3] --- Processing event: CB_03_20231003133713_20231003210713 ---
[2025-12-30 22:13:04] [EventWorker_3] [CB_03_20231003133713_20231003210713] Calculating depths from: labels_rects
[2025-12-30 22:13:04] [EventWorker_3] 
=== Starting Depth Map Generation ===
[2025-12-30 22:13:04] [EventWorker_3]   Source Zarr directory: /rsstu/users/k/kanarde/NASA-Sunnyverse/rmccune/poseidon/data/carolina_beach/flood_events/CB_03_20231003133713_20231003210713/zarr/labels_rects
[2025-12-30 22:13:04] [EventWorker_3]   Output Zarr directory: /rsstu/users/k/kanarde/NASA-Sunnyverse/rmccune/poseidon/data/carolina_beach/flood_events/CB_03_20231003133713_20231003210713/zarr/depth_maps
[2025-12-30 22:13:05] [EventWorker_3]   Found 75 rectified label arrays to process.
[2025-12-30 22:13:05] [EventWorker_3]   Processing file 1/75: CAM_CB_03_20231003200625_predseg_labels_rectified
[2025-12-30 22:13:20] [EventWorker_2]   Processing file 14/74: CAM_CB_03_20231002190025_predseg_labels_rectified
[2025-12-30 22:13:30] [EventWorker_1]   Processing file 80/84: CAM_CB_03_20230929150625_predseg_labels_rectified
[2025-12-30 22:13:34] [EventWorker_0]   Processing file 42/72: CAM_CB_03_20231001125425_predseg_labels_rectified
[2025-12-30 22:13:38] [EventWorker_3]   Processing file 7/75: CAM_CB_03_20231003171825_predseg_labels_rectified
[2025-12-30 22:13:52] [EventWorker_1]   Processing file 84/84: CAM_CB_03_20230929113025_predseg_labels_rectified
[2025-12-30 22:13:58] [EventWorker_1]   Successfully processed 84/84 files.
[2025-12-30 22:13:58] [EventWorker_1] === Depth Map Generation Complete ===
[2025-12-30 22:13:58] [EventWorker_1] +++ Successfully processed event CB_03_20230929095004_20230929182004 +++
[2025-12-30 22:13:58] [EventWorker_1] --- Processing event: CB_03_20231016111555_20231016190955 ---
[2025-12-30 22:13:58] [EventWorker_1] [CB_03_20231016111555_20231016190955] Calculating depths from: labels_rects
[2025-12-30 22:13:58] [EventWorker_1] 
=== Starting Depth Map Generation ===
[2025-12-30 22:13:58] [EventWorker_1]   Source Zarr directory: /rsstu/users/k/kanarde/NASA-Sunnyverse/rmccune/poseidon/data/carolina_beach/flood_events/CB_03_20231016111555_20231016190955/zarr/labels_rects
[2025-12-30 22:13:58] [EventWorker_1]   Output Zarr directory: /rsstu/users/k/kanarde/NASA-Sunnyverse/rmccune/poseidon/data/carolina_beach/flood_events/CB_03_20231016111555_20231016190955/zarr/depth_maps
[2025-12-30 22:13:58] [EventWorker_1]   Found 79 rectified label arrays to process.
[2025-12-30 22:13:58] [EventWorker_1]   Processing file 1/79: CAM_CB_03_20231016131225_predseg_labels_rectified
[2025-12-30 22:14:01] [EventWorker_2]   Processing file 21/74: CAM_CB_03_20231002153025_predseg_labels_rectified
[2025-12-30 22:14:12] [EventWorker_0]   Processing file 49/72: CAM_CB_03_20231001190625_predseg_labels_rectified
[2025-12-30 22:14:18] [EventWorker_3]   Processing file 14/75: CAM_CB_03_20231003141225_predseg_labels_rectified
[2025-12-30 22:14:35] [EventWorker_1]   Processing file 7/79: CAM_CB_03_20231016150625_predseg_labels_rectified
[2025-12-30 22:14:46] [EventWorker_2]   Processing file 28/74: CAM_CB_03_20231002163625_predseg_labels_rectified
[2025-12-30 22:14:55] [EventWorker_0]   Processing file 56/72: CAM_CB_03_20231001131225_predseg_labels_rectified
[2025-12-30 22:14:59] [EventWorker_3]   Processing file 21/75: CAM_CB_03_20231003193025_predseg_labels_rectified
[2025-12-30 22:15:15] [EventWorker_1]   Processing file 14/79: CAM_CB_03_20231016184225_predseg_labels_rectified
[2025-12-30 22:15:23] [EventWorker_2]   Processing file 35/74: CAM_CB_03_20231002144825_predseg_labels_rectified
[2025-12-30 22:15:35] [EventWorker_0]   Processing file 63/72: CAM_CB_03_20231001160025_predseg_labels_rectified
[2025-12-30 22:15:39] [EventWorker_3]   Processing file 28/75: CAM_CB_03_20231003170625_predseg_labels_rectified
[2025-12-30 22:15:54] [EventWorker_1]   Processing file 21/79: CAM_CB_03_20231016123625_predseg_labels_rectified
[2025-12-30 22:16:03] [EventWorker_2]   Processing file 42/74: CAM_CB_03_20231002165425_predseg_labels_rectified
[2025-12-30 22:16:11] [EventWorker_0]   Processing file 70/72: CAM_CB_03_20231001152425_predseg_labels_rectified
[2025-12-30 22:16:14] [EventWorker_3]   Processing file 35/75: CAM_CB_03_20231003165425_predseg_labels_rectified
[2025-12-30 22:16:20] [EventWorker_0]   Processing file 72/72: CAM_CB_03_20231001153025_predseg_labels_rectified
[2025-12-30 22:16:25] [EventWorker_0]   Successfully processed 72/72 files.
[2025-12-30 22:16:25] [EventWorker_0] === Depth Map Generation Complete ===
[2025-12-30 22:16:25] [EventWorker_0] +++ Successfully processed event CB_03_20231001123713_20231001194913 +++
[2025-12-30 22:16:25] [EventWorker_0] --- Processing event: CB_03_20231217120426_20231218011626 ---
[2025-12-30 22:16:25] [EventWorker_0] [CB_03_20231217120426_20231218011626] Calculating depths from: labels_rects
[2025-12-30 22:16:25] [EventWorker_0] 
=== Starting Depth Map Generation ===
[2025-12-30 22:16:25] [EventWorker_0]   Source Zarr directory: /rsstu/users/k/kanarde/NASA-Sunnyverse/rmccune/poseidon/data/carolina_beach/flood_events/CB_03_20231217120426_20231218011626/zarr/labels_rects
[2025-12-30 22:16:25] [EventWorker_0]   Output Zarr directory: /rsstu/users/k/kanarde/NASA-Sunnyverse/rmccune/poseidon/data/carolina_beach/flood_events/CB_03_20231217120426_20231218011626/zarr/depth_maps
[2025-12-30 22:16:25] [EventWorker_0]   Found 129 rectified label arrays to process.
[2025-12-30 22:16:25] [EventWorker_0]   Processing file 1/129: CAM_CB_03_20231217121225_predseg_labels_rectified
[2025-12-30 22:16:28] [EventWorker_1]   Processing file 28/79: CAM_CB_03_20231016181225_predseg_labels_rectified
[2025-12-30 22:16:36] [EventWorker_2]   Processing file 49/74: CAM_CB_03_20231002160625_predseg_labels_rectified
[2025-12-30 22:16:52] [EventWorker_3]   Processing file 42/75: CAM_CB_03_20231003144825_predseg_labels_rectified
[2025-12-30 22:17:10] [EventWorker_1]   Processing file 35/79: CAM_CB_03_20231016125425_predseg_labels_rectified
[2025-12-30 22:17:19] [EventWorker_2]   Processing file 56/74: CAM_CB_03_20231002161225_predseg_labels_rectified
[2025-12-30 22:17:36] [EventWorker_3]   Processing file 49/75: CAM_CB_03_20231003163025_predseg_labels_rectified
[2025-12-30 22:17:38] [EventWorker_0]   Processing file 12/129: CAM_CB_03_20231217132425_predseg_labels_rectified
[2025-12-30 22:17:53] [EventWorker_1]   Processing file 42/79: CAM_CB_03_20231016122425_predseg_labels_rectified
[2025-12-30 22:18:01] [EventWorker_2]   Processing file 63/74: CAM_CB_03_20231002141825_predseg_labels_rectified
[2025-12-30 22:18:20] [EventWorker_3]   Processing file 56/75: CAM_CB_03_20231003203025_predseg_labels_rectified
[2025-12-30 22:18:36] [EventWorker_1]   Processing file 49/79: CAM_CB_03_20231016140025_predseg_labels_rectified
[2025-12-30 22:18:47] [EventWorker_2]   Processing file 70/74: CAM_CB_03_20231002172425_predseg_labels_rectified
[2025-12-30 22:19:01] [EventWorker_0]   Processing file 24/129: CAM_CB_03_20231217203626_predseg_labels_rectified
[2025-12-30 22:19:06] [EventWorker_3]   Processing file 63/75: CAM_CB_03_20231003200025_predseg_labels_rectified
[2025-12-30 22:19:14] [EventWorker_2]   Processing file 74/74: CAM_CB_03_20231002150626_predseg_labels_rectified
[2025-12-30 22:19:20] [EventWorker_2]   Successfully processed 74/74 files.
[2025-12-30 22:19:20] [EventWorker_2] === Depth Map Generation Complete ===
[2025-12-30 22:19:20] [EventWorker_2] +++ Successfully processed event CB_03_20231002131313_20231002203713 +++
[2025-12-30 22:19:20] [EventWorker_2] --- Processing event: CB_03_20231227092826_20231227172826 ---
[2025-12-30 22:19:20] [EventWorker_2] [CB_03_20231227092826_20231227172826] Calculating depths from: labels_rects
[2025-12-30 22:19:20] [EventWorker_2] 
=== Starting Depth Map Generation ===
[2025-12-30 22:19:20] [EventWorker_2]   Source Zarr directory: /rsstu/users/k/kanarde/NASA-Sunnyverse/rmccune/poseidon/data/carolina_beach/flood_events/CB_03_20231227092826_20231227172826/zarr/labels_rects
[2025-12-30 22:19:20] [EventWorker_2]   Output Zarr directory: /rsstu/users/k/kanarde/NASA-Sunnyverse/rmccune/poseidon/data/carolina_beach/flood_events/CB_03_20231227092826_20231227172826/zarr/depth_maps
[2025-12-30 22:19:20] [EventWorker_2]   Found 65 rectified label arrays to process.
[2025-12-30 22:19:20] [EventWorker_2]   Processing file 1/65: CAM_CB_03_20231227155425_predseg_labels_rectified
[2025-12-30 22:19:27] [EventWorker_1]   Processing file 56/79: CAM_CB_03_20231016141825_predseg_labels_rectified
[2025-12-30 22:19:55] [EventWorker_3]   Processing file 70/75: CAM_CB_03_20231003144225_predseg_labels_rectified
[2025-12-30 22:19:56] [EventWorker_2]   Processing file 6/65: CAM_CB_03_20231227132425_predseg_labels_rectified
[2025-12-30 22:20:10] [EventWorker_1]   Processing file 63/79: CAM_CB_03_20231016151825_predseg_labels_rectified
[2025-12-30 22:20:26] [EventWorker_0]   Processing file 36/129: CAM_CB_03_20231217201825_predseg_labels_rectified
[2025-12-30 22:20:28] [EventWorker_3]   Processing file 75/75: CAM_CB_03_20231003163625_predseg_labels_rectified
[2025-12-30 22:20:35] [EventWorker_3]   Successfully processed 75/75 files.
[2025-12-30 22:20:35] [EventWorker_3] === Depth Map Generation Complete ===
[2025-12-30 22:20:35] [EventWorker_3] +++ Successfully processed event CB_03_20231003133713_20231003210713 +++
[2025-12-30 22:20:35] [EventWorker_3] --- Processing event: CB_03_20240809150654_20240809232454 ---
[2025-12-30 22:20:35] [EventWorker_3] [CB_03_20240809150654_20240809232454] Calculating depths from: labels_rects
[2025-12-30 22:20:35] [EventWorker_3] 
=== Starting Depth Map Generation ===
[2025-12-30 22:20:35] [EventWorker_3]   Source Zarr directory: /rsstu/users/k/kanarde/NASA-Sunnyverse/rmccune/poseidon/data/carolina_beach/flood_events/CB_03_20240809150654_20240809232454/zarr/labels_rects
[2025-12-30 22:20:35] [EventWorker_3]   Output Zarr directory: /rsstu/users/k/kanarde/NASA-Sunnyverse/rmccune/poseidon/data/carolina_beach/flood_events/CB_03_20240809150654_20240809232454/zarr/depth_maps
[2025-12-30 22:20:35] [EventWorker_3]   Found 83 rectified label arrays to process.
[2025-12-30 22:20:35] [EventWorker_3]   Processing file 1/83: CAM_CB_03_20240809172425_predseg_labels_rectified
[2025-12-30 22:20:39] [EventWorker_2]   Processing file 12/65: CAM_CB_03_20231227130625_predseg_labels_rectified
[2025-12-30 22:20:56] [EventWorker_1]   Processing file 70/79: CAM_CB_03_20231016185425_predseg_labels_rectified
[2025-12-30 22:21:27] [EventWorker_2]   Processing file 18/65: CAM_CB_03_20231227161825_predseg_labels_rectified
[2025-12-30 22:21:29] [EventWorker_3]   Processing file 8/83: CAM_CB_03_20240809154825_predseg_labels_rectified
[2025-12-30 22:21:46] [EventWorker_1]   Processing file 77/79: CAM_CB_03_20231016173625_predseg_labels_rectified
[2025-12-30 22:22:00] [EventWorker_1]   Processing file 79/79: CAM_CB_03_20231016184825_predseg_labels_rectified
[2025-12-30 22:22:02] [EventWorker_0]   Processing file 48/129: CAM_CB_03_20231217181825_predseg_labels_rectified
[2025-12-30 22:22:08] [EventWorker_1]   Successfully processed 79/79 files.
[2025-12-30 22:22:08] [EventWorker_1] === Depth Map Generation Complete ===
[2025-12-30 22:22:08] [EventWorker_1] +++ Successfully processed event CB_03_20231016111555_20231016190955 +++
[2025-12-30 22:22:08] [EventWorker_1] --- Processing event: CB_03_20240812145454_20240812212454 ---
[2025-12-30 22:22:08] [EventWorker_1] [CB_03_20240812145454_20240812212454] Calculating depths from: labels_rects
[2025-12-30 22:22:08] [EventWorker_1] 
=== Starting Depth Map Generation ===
[2025-12-30 22:22:08] [EventWorker_1]   Source Zarr directory: /rsstu/users/k/kanarde/NASA-Sunnyverse/rmccune/poseidon/data/carolina_beach/flood_events/CB_03_20240812145454_20240812212454/zarr/labels_rects
[2025-12-30 22:22:08] [EventWorker_1]   Output Zarr directory: /rsstu/users/k/kanarde/NASA-Sunnyverse/rmccune/poseidon/data/carolina_beach/flood_events/CB_03_20240812145454_20240812212454/zarr/depth_maps
[2025-12-30 22:22:08] [EventWorker_1]   Found 73 rectified label arrays to process.
[2025-12-30 22:22:08] [EventWorker_1]   Processing file 1/73: CAM_CB_03_20240812151825_predseg_labels_rectified
[2025-12-30 22:22:10] [EventWorker_2]   Processing file 24/65: CAM_CB_03_20231227135425_predseg_labels_rectified
[2025-12-30 22:22:25] [EventWorker_3]   Processing file 16/83: CAM_CB_03_20240809204225_predseg_labels_rectified
[2025-12-30 22:22:54] [EventWorker_1]   Processing file 7/73: CAM_CB_03_20240812160025_predseg_labels_rectified
[2025-12-30 22:23:01] [EventWorker_2]   Processing file 30/65: CAM_CB_03_20231227110029_predseg_labels_rectified
[2025-12-30 22:23:28] [EventWorker_3]   Processing file 24/83: CAM_CB_03_20240809174226_predseg_labels_rectified
[2025-12-30 22:23:50] [EventWorker_0]   Processing file 60/129: CAM_CB_03_20231217184225_predseg_labels_rectified
[2025-12-30 22:23:51] [EventWorker_1]   Processing file 14/73: CAM_CB_03_20240812194825_predseg_labels_rectified
[2025-12-30 22:24:00] [EventWorker_2]   Processing file 36/65: CAM_CB_03_20231227163025_predseg_labels_rectified
[2025-12-30 22:24:33] [EventWorker_3]   Processing file 32/83: CAM_CB_03_20240809153025_predseg_labels_rectified
[2025-12-30 22:24:46] [EventWorker_1]   Processing file 21/73: CAM_CB_03_20240812201225_predseg_labels_rectified
[2025-12-30 22:24:49] [EventWorker_2]   Processing file 42/65: CAM_CB_03_20231227143625_predseg_labels_rectified
[2025-12-30 22:25:37] [EventWorker_0]   Processing file 72/129: CAM_CB_03_20231217135426_predseg_labels_rectified
[2025-12-30 22:25:38] [EventWorker_3]   Processing file 40/83: CAM_CB_03_20240809195425_predseg_labels_rectified
[2025-12-30 22:25:44] [EventWorker_2]   Processing file 48/65: CAM_CB_03_20231227131825_predseg_labels_rectified
[2025-12-30 22:25:45] [EventWorker_1]   Processing file 28/73: CAM_CB_03_20240812175635_predseg_labels_rectified
[2025-12-30 22:26:40] [EventWorker_2]   Processing file 54/65: CAM_CB_03_20231227151225_predseg_labels_rectified
[2025-12-30 22:26:47] [EventWorker_3]   Processing file 48/83: CAM_CB_03_20240809183025_predseg_labels_rectified
[2025-12-30 22:26:50] [EventWorker_1]   Processing file 35/73: CAM_CB_03_20240812181226_predseg_labels_rectified
[2025-12-30 22:27:24] [EventWorker_0]   Processing file 84/129: CAM_CB_03_20231217184825_predseg_labels_rectified
[2025-12-30 22:27:30] [EventWorker_2]   Processing file 60/65: CAM_CB_03_20231227145425_predseg_labels_rectified
[2025-12-30 22:27:41] [EventWorker_1]   Processing file 42/73: CAM_CB_03_20240812161226_predseg_labels_rectified
[2025-12-30 22:27:41] [EventWorker_3]   Processing file 56/83: CAM_CB_03_20240809171226_predseg_labels_rectified
[2025-12-30 22:28:11] [EventWorker_2]   Processing file 65/65: CAM_CB_03_20231227112428_predseg_labels_rectified
[2025-12-30 22:28:20] [EventWorker_2]   Successfully processed 65/65 files.
[2025-12-30 22:28:20] [EventWorker_2] === Depth Map Generation Complete ===
[2025-12-30 22:28:20] [EventWorker_2] +++ Successfully processed event CB_03_20231227092826_20231227172826 +++
[2025-12-30 22:28:28] [EventWorker_1]   Processing file 49/73: CAM_CB_03_20240812170625_predseg_labels_rectified
[2025-12-30 22:28:35] [EventWorker_3]   Processing file 64/83: CAM_CB_03_20240809163625_predseg_labels_rectified
[2025-12-30 22:28:46] [EventWorker_0]   Processing file 96/129: CAM_CB_03_20231218004230_predseg_labels_rectified
[2025-12-30 22:29:11] [EventWorker_1]   Processing file 56/73: CAM_CB_03_20240812211825_predseg_labels_rectified
[2025-12-30 22:29:21] [EventWorker_3]   Processing file 72/83: CAM_CB_03_20240809151226_predseg_labels_rectified
[2025-12-30 22:29:54] [EventWorker_1]   Processing file 63/73: CAM_CB_03_20240812175425_predseg_labels_rectified
[2025-12-30 22:30:04] [EventWorker_0]   Processing file 108/129: CAM_CB_03_20231217141225_predseg_labels_rectified
[2025-12-30 22:30:10] [EventWorker_3]   Processing file 80/83: CAM_CB_03_20240809220025_predseg_labels_rectified
[2025-12-30 22:30:25] [EventWorker_3]   Processing file 83/83: CAM_CB_03_20240809231825_predseg_labels_rectified
[2025-12-30 22:30:30] [EventWorker_3]   Successfully processed 83/83 files.
[2025-12-30 22:30:30] [EventWorker_3] === Depth Map Generation Complete ===
[2025-12-30 22:30:30] [EventWorker_3] +++ Successfully processed event CB_03_20240809150654_20240809232454 +++
[2025-12-30 22:30:30] [EventWorker_1]   Processing file 70/73: CAM_CB_03_20240812193625_predseg_labels_rectified
[2025-12-30 22:30:41] [EventWorker_1]   Processing file 73/73: CAM_CB_03_20240812195425_predseg_labels_rectified
[2025-12-30 22:30:44] [EventWorker_1]   Successfully processed 73/73 files.
[2025-12-30 22:30:44] [EventWorker_1] === Depth Map Generation Complete ===
[2025-12-30 22:30:44] [EventWorker_1] +++ Successfully processed event CB_03_20240812145454_20240812212454 +++
[2025-12-30 22:30:49] [EventWorker_0]   Processing file 120/129: CAM_CB_03_20231217121825_predseg_labels_rectified
[2025-12-30 22:31:07] [EventWorker_0]   Processing file 129/129: CAM_CB_03_20231217153025_predseg_labels_rectified
[2025-12-30 22:31:10] [EventWorker_0]   Successfully processed 129/129 files.
[2025-12-30 22:31:10] [EventWorker_0] === Depth Map Generation Complete ===
[2025-12-30 22:31:10] [EventWorker_0] +++ Successfully processed event CB_03_20231217120426_20231218011626 +++
[2025-12-30 22:31:10] [MainThread  ] 
--- Depth Calculation Pipeline Complete ---
[2025-12-30 22:31:10] [MainThread  ] Total events processed: 21
[2025-12-30 22:31:10] [MainThread  ] Total events skipped:   0
[2025-12-30 22:31:10] [MainThread  ] Total events (errors):  0
Deactivating conda environment...
Job finished.

------------------------------------------------------------
Sender: LSF System <lsfadmin@gpu26>
Subject: Job 873561: <depths> in cluster <Hazel> Done

Job <depths> was submitted from host <login03.hpc.ncsu.edu> by user <rmccune> in cluster <Hazel> at Tue Dec 30 21:18:25 2025
Job was executed on host(s) <12*gpu26>, in queue <gpu>, as user <rmccune> in cluster <Hazel> at Tue Dec 30 21:18:26 2025
</home/rmccune> was used as the home directory.
</rsstu/users/k/kanarde/NASA-Sunnyverse/rmccune/poseidon/poseidon_deploy/hpc_submission_scripts> was used as the working directory.
Started at Tue Dec 30 21:18:26 2025
Terminated at Tue Dec 30 22:31:12 2025
Results reported at Tue Dec 30 22:31:12 2025

Your job looked like:

------------------------------------------------------------
# LSBATCH: User input
#! /bin/bash

#BSUB -J depths
#BSUB -W 360
#BSUB -n 12
#BSUB -R "rusage[mem=4G]"
#BSUB -R "select[a100 || l40 || l40s || h100]"
#BSUB -gpu "num=1:mode=shared"
#BSUB -q gpu
#BSUB -o depth_calculation.%J.out
#BSUB -e depth_calculation.%J.err

source ~/.bashrc

module load cuda/11.2
export MPI4PY_RC_INITIALIZE=False

# Resolve the directory where the job was submitted from (LSF variable or fallback)
SUBMIT_DIR="${LS_SUBCWD:-$PWD}"

# Point one directory up from that
ENV_FILE="$SUBMIT_DIR/../hpc_paths.env"

# Load the env file if it exists
if [ -f "$ENV_FILE" ]; then
    source "$ENV_FILE"
    echo "Loaded environment variables from $ENV_FILE"
else
    echo "Warning: No hpc_paths.env file found at $ENV_FILE"
fi

echo "Activating conda environment..."
conda activate $POSEIDON_ENV

REPO_ROOT=$(cd $LS_SUBCWD/../.. && pwd)

RUNNER_SCRIPT="$REPO_ROOT/poseidon_deploy/naiads/run_calc_depths.py"

LIDAR_FILE="$REPO_ROOT/data/lidar/Job1051007_34077_04_88.laz"
GRID_DIR="$REPO_ROOT/data/grids"
EVENT_DIR="$REPO_ROOT/data/carolina_beach/flood_events"

echo "Starting image rectifier Python script..."
python -u $RUNNER_SCRIPT \
    --lidar_file $LIDAR_FILE \
    --event_dir $EVENT_DIR \
    --min_x 712160 \
    --max_x 712230 \
    --min_y 33100 \
    --max_y 33170 \

(... more ...)
------------------------------------------------------------

Successfully completed.

Resource usage summary:

    CPU time :                                   3504.27 sec.
    Max Memory :                                 3 GB
    Average Memory :                             1.99 GB
    Total Requested Memory :                     4.00 GB
    Delta Memory :                               1.00 GB
    Max Swap :                                   -
    Max Processes :                              5
    Max Threads :                                110
    Run time :                                   4355 sec.
    Turnaround time :                            4367 sec.

The output (if any) is above this job summary.



PS:

Read file <depth_calculation.873561.err> for stderr output of this job.

