Loaded environment variables from /share/jcdietri/rmccune/poseidon/poseidon_deploy/hpc_submission_scripts/../hpc_paths.env
Activating conda environment...
Starting image organizer Python script...
[2025-12-30 08:54:11] INFO: Loading abbreviated events from: /share/jcdietri/rmccune/poseidon/data/carolina_beach/abbr_flood_events.csv
[2025-12-30 08:54:11] INFO: Loading full data record from: /share/jcdietri/rmccune/poseidon/data/carolina_beach/flood_events.csv
[2025-12-30 08:54:11] INFO: Processing event time windows with 3-hour padding...
[2025-12-30 08:54:11] INFO: Generating filtered CSVs in '/share/jcdietri/rmccune/poseidon/data/carolina_beach/flood_events'...
[2025-12-30 08:54:11] INFO: Starting to process 21 events...
[2025-12-30 08:54:11] INFO: Script complete. Successfully created 21 CSV files in subfolders.
[2025-12-30 08:54:11] INFO: Reading event data from '/share/jcdietri/rmccune/poseidon/data/carolina_beach/abbr_flood_events.csv'
[2025-12-30 08:54:11] INFO: Applying 3-hour padding to event windows...
[2025-12-30 08:54:11] INFO: Built lookup for 21 events across 1 cameras.
[2025-12-30 08:54:11] INFO: Scanning image folder: '/share/jcdietri/rmccune/poseidon/data/carolina_beach/images/daylight_all_events'...
[2025-12-30 08:54:11] INFO: Organizing 1572 images...
[2025-12-30 08:54:16] INFO:   ...progress: 9% complete (157 of 1572 images processed)
[2025-12-30 08:54:21] INFO:   ...progress: 19% complete (314 of 1572 images processed)
[2025-12-30 08:54:25] INFO:   ...progress: 29% complete (471 of 1572 images processed)
[2025-12-30 08:54:29] INFO:   ...progress: 39% complete (628 of 1572 images processed)
[2025-12-30 08:54:34] INFO:   ...progress: 49% complete (785 of 1572 images processed)
[2025-12-30 08:54:38] INFO:   ...progress: 59% complete (942 of 1572 images processed)
[2025-12-30 08:54:42] INFO:   ...progress: 69% complete (1099 of 1572 images processed)
[2025-12-30 08:54:47] INFO:   ...progress: 79% complete (1256 of 1572 images processed)
[2025-12-30 08:54:51] INFO:   ...progress: 89% complete (1413 of 1572 images processed)
[2025-12-30 08:54:55] INFO:   ...progress: 99% complete (1570 of 1572 images processed)
[2025-12-30 08:54:55] INFO: --- Image Organization Complete ---
[2025-12-30 08:54:55] INFO: Successfully copied: 1572 files
[2025-12-30 08:54:55] INFO: Skipped (no match):  0 files
[2025-12-30 08:54:55] INFO: Reading event data from '/share/jcdietri/rmccune/poseidon/data/carolina_beach/abbr_flood_events.csv'
[2025-12-30 08:54:55] INFO: Applying 3-hour padding to event windows...
[2025-12-30 08:54:55] INFO: Built lookup for 21 events across 1 cameras.
[2025-12-30 08:54:55] INFO: Scanning image folder: '/share/jcdietri/rmccune/poseidon/data/carolina_beach/images/daylight_all_events_labels'...
[2025-12-30 08:54:55] INFO: Organizing 1572 images...
[2025-12-30 08:54:59] INFO:   ...progress: 9% complete (157 of 1572 images processed)
[2025-12-30 08:55:02] INFO:   ...progress: 19% complete (314 of 1572 images processed)
[2025-12-30 08:55:05] INFO:   ...progress: 29% complete (471 of 1572 images processed)
[2025-12-30 08:55:08] INFO:   ...progress: 39% complete (628 of 1572 images processed)
[2025-12-30 08:55:10] INFO:   ...progress: 49% complete (785 of 1572 images processed)
[2025-12-30 08:55:13] INFO:   ...progress: 59% complete (942 of 1572 images processed)
[2025-12-30 08:55:16] INFO:   ...progress: 69% complete (1099 of 1572 images processed)
[2025-12-30 08:55:18] INFO:   ...progress: 79% complete (1256 of 1572 images processed)
[2025-12-30 08:55:20] INFO:   ...progress: 89% complete (1413 of 1572 images processed)
[2025-12-30 08:55:23] INFO:   ...progress: 99% complete (1570 of 1572 images processed)
[2025-12-30 08:55:23] INFO: --- Image Organization Complete ---
[2025-12-30 08:55:23] INFO: Successfully copied: 1572 files
[2025-12-30 08:55:23] INFO: Skipped (no match):  0 files
[2025-12-30 08:55:23] INFO: Starting cleanup of empty event folders in '/share/jcdietri/rmccune/poseidon/data/carolina_beach/flood_events'...
[2025-12-30 08:55:23] INFO: Looking for subfolders that are missing 'orig_images'.
[2025-12-30 08:55:23] INFO: No empty event folders found to prune.
Deactivating conda environment...
Job finished.

------------------------------------------------------------
Sender: LSF System <lsfadmin@c050n03>
Subject: Job 862589: <gen_flood_folders> in cluster <Hazel> Done

Job <gen_flood_folders> was submitted from host <login02.hpc.ncsu.edu> by user <rmccune> in cluster <Hazel> at Tue Dec 30 08:53:58 2025
Job was executed on host(s) <c050n03>, in queue <ccee>, as user <rmccune> in cluster <Hazel> at Tue Dec 30 08:53:59 2025
</home/rmccune> was used as the home directory.
</share/jcdietri/rmccune/poseidon/poseidon_deploy/hpc_submission_scripts> was used as the working directory.
Started at Tue Dec 30 08:53:59 2025
Terminated at Tue Dec 30 08:55:26 2025
Results reported at Tue Dec 30 08:55:26 2025

Your job looked like:

------------------------------------------------------------
# LSBATCH: User input
#! /bin/bash

#BSUB -J gen_flood_folders
#BSUB -W 60
#BSUB -n 1
#BSUB -q ccee
#BSUB -o gen_flood_folders.%J.out
#BSUB -e gen_flood_folders.%J.err

source ~/.bashrc

# Resolve the directory where the job was submitted from (LSF variable or fallback)
SUBMIT_DIR="${LS_SUBCWD:-$PWD}"

# Point one directory up from that
ENV_FILE="$SUBMIT_DIR/../hpc_paths.env"

# Load the env file if it exists
if [ -f "$ENV_FILE" ]; then
    source "$ENV_FILE"
    echo "Loaded environment variables from $ENV_FILE"
else
    echo "Warning: No hpc_paths.env file found at $ENV_FILE"
fi

echo "Activating conda environment..."
conda activate $POSEIDON_ENV

REPO_ROOT=$(cd $LS_SUBCWD/../.. && pwd)

RUNNER_SCRIPT="$REPO_ROOT/poseidon_deploy/naiads/run_flood_event_setup.py"

ABBR_EVENTS="$REPO_ROOT/data/carolina_beach/abbr_flood_events.csv"
FILT_ABBR_CSV="$REPO_ROOT/data/carolina_beach/abbr_flood_events.csv"
FLOOD_EVENTS_CSV="$REPO_ROOT/data/carolina_beach/flood_events.csv"

IMAGE_DIR="$REPO_ROOT/data/carolina_beach/images/daylight_all_events"
LABEL_DIR="$REPO_ROOT/data/carolina_beach/images/daylight_all_events_labels"
OUTPUT_DIR="$REPO_ROOT/data/carolina_beach/flood_events"

echo "Starting image organizer Python script..."
python -u $RUNNER_SCRIPT \
    --abbr_events_csv $ABBR_EVENTS \
    --filtered_abbr_csv $FILT_ABBR_CSV \
    --full_sensor_csv $FLOOD_EVENTS_CSV \
    --image_dir $IMAGE_DIR \
    --label_dir $LABEL_DIR \
    --output_dir $OUTPUT_DIR \
    --image_subfolder 'orig_images' \
    --label_subfolder 'labels' \

(... more ...)
------------------------------------------------------------

Successfully completed.

Resource usage summary:

    CPU time :                                   19.70 sec.
    Max Memory :                                 -
    Average Memory :                             -
    Total Requested Memory :                     2.00 GB
    Delta Memory :                               -
    Max Swap :                                   -
    Max Processes :                              4
    Max Threads :                                6
    Run time :                                   90 sec.
    Turnaround time :                            88 sec.

The output (if any) is above this job summary.



PS:

Read file <gen_flood_folders.862589.err> for stderr output of this job.

