Loaded environment variables from /share/jcdietri/rmccune/poseidon/poseidon_deploy/hpc_submission_scripts/../hpc_paths.env
Activating conda environment...
Starting image organizer Python script...
[2025-12-30 08:56:42] INFO: Loading abbreviated events from: /share/jcdietri/rmccune/poseidon/data/down_east/abbr_flood_events.csv
[2025-12-30 08:56:42] INFO: Loading full data record from: /share/jcdietri/rmccune/poseidon/data/down_east/flood_events.csv
[2025-12-30 08:56:43] INFO: Processing event time windows with 3-hour padding...
[2025-12-30 08:56:43] INFO: Generating filtered CSVs in '/share/jcdietri/rmccune/poseidon/data/down_east/flood_events'...
[2025-12-30 08:56:43] INFO: Starting to process 59 events...
[2025-12-30 08:56:43] INFO: Script complete. Successfully created 59 CSV files in subfolders.
[2025-12-30 08:56:43] INFO: Reading event data from '/share/jcdietri/rmccune/poseidon/data/down_east/abbr_flood_events.csv'
[2025-12-30 08:56:43] INFO: Applying 3-hour padding to event windows...
[2025-12-30 08:56:43] INFO: Built lookup for 59 events across 1 cameras.
[2025-12-30 08:56:43] INFO: Scanning image folder: '/share/jcdietri/rmccune/poseidon/data/down_east/images/daylight_all_events'...
[2025-12-30 08:56:43] INFO: Organizing 4349 images...
[2025-12-30 08:56:54] INFO:   ...progress: 9% complete (434 of 4349 images processed)
[2025-12-30 08:57:04] INFO:   ...progress: 19% complete (868 of 4349 images processed)
[2025-12-30 08:57:14] INFO:   ...progress: 29% complete (1302 of 4349 images processed)
[2025-12-30 08:57:23] INFO:   ...progress: 39% complete (1736 of 4349 images processed)
[2025-12-30 08:57:33] INFO:   ...progress: 49% complete (2170 of 4349 images processed)
[2025-12-30 08:57:42] INFO:   ...progress: 59% complete (2604 of 4349 images processed)
[2025-12-30 08:57:51] INFO:   ...progress: 69% complete (3038 of 4349 images processed)
[2025-12-30 08:58:00] INFO:   ...progress: 79% complete (3472 of 4349 images processed)
[2025-12-30 08:58:10] INFO:   ...progress: 89% complete (3906 of 4349 images processed)
[2025-12-30 08:58:20] INFO:   ...progress: 99% complete (4340 of 4349 images processed)
[2025-12-30 08:58:20] INFO: --- Image Organization Complete ---
[2025-12-30 08:58:20] INFO: Successfully copied: 4477 files
[2025-12-30 08:58:20] INFO: Skipped (no match):  0 files
[2025-12-30 08:58:20] INFO: Reading event data from '/share/jcdietri/rmccune/poseidon/data/down_east/abbr_flood_events.csv'
[2025-12-30 08:58:20] INFO: Applying 3-hour padding to event windows...
[2025-12-30 08:58:20] INFO: Built lookup for 59 events across 1 cameras.
[2025-12-30 08:58:20] INFO: Scanning image folder: '/share/jcdietri/rmccune/poseidon/data/down_east/images/daylight_all_events_labels'...
[2025-12-30 08:58:20] INFO: Organizing 4349 images...
[2025-12-30 08:58:30] INFO:   ...progress: 9% complete (434 of 4349 images processed)
[2025-12-30 08:58:39] INFO:   ...progress: 19% complete (868 of 4349 images processed)
[2025-12-30 08:58:48] INFO:   ...progress: 29% complete (1302 of 4349 images processed)
[2025-12-30 08:58:58] INFO:   ...progress: 39% complete (1736 of 4349 images processed)
[2025-12-30 08:59:08] INFO:   ...progress: 49% complete (2170 of 4349 images processed)
[2025-12-30 08:59:17] INFO:   ...progress: 59% complete (2604 of 4349 images processed)
[2025-12-30 08:59:28] INFO:   ...progress: 69% complete (3038 of 4349 images processed)
[2025-12-30 08:59:38] INFO:   ...progress: 79% complete (3472 of 4349 images processed)
[2025-12-30 08:59:48] INFO:   ...progress: 89% complete (3906 of 4349 images processed)
[2025-12-30 08:59:57] INFO:   ...progress: 99% complete (4340 of 4349 images processed)
[2025-12-30 08:59:57] INFO: --- Image Organization Complete ---
[2025-12-30 08:59:57] INFO: Successfully copied: 4477 files
[2025-12-30 08:59:57] INFO: Skipped (no match):  0 files
[2025-12-30 08:59:57] INFO: Starting cleanup of empty event folders in '/share/jcdietri/rmccune/poseidon/data/down_east/flood_events'...
[2025-12-30 08:59:57] INFO: Looking for subfolders that are missing 'orig_images'.
[2025-12-30 08:59:57] INFO:   - Pruning event folder (no images found): DE_01_20240918094356_20240918193256
[2025-12-30 08:59:57] INFO:   - Pruning event folder (no images found): DE_01_20240920101156_20240920223556
[2025-12-30 08:59:57] INFO:   - Pruning event folder (no images found): DE_01_20240919100256_20240919210356
[2025-12-30 08:59:57] INFO: Cleanup complete. Pruned 3 empty event folders.
Deactivating conda environment...
Job finished.

------------------------------------------------------------
Sender: LSF System <lsfadmin@c046n02>
Subject: Job 862590: <gen_flood_folders> in cluster <Hazel> Done

Job <gen_flood_folders> was submitted from host <login02.hpc.ncsu.edu> by user <rmccune> in cluster <Hazel> at Tue Dec 30 08:56:34 2025
Job was executed on host(s) <c046n02>, in queue <ccee>, as user <rmccune> in cluster <Hazel> at Tue Dec 30 08:56:34 2025
</home/rmccune> was used as the home directory.
</share/jcdietri/rmccune/poseidon/poseidon_deploy/hpc_submission_scripts> was used as the working directory.
Started at Tue Dec 30 08:56:34 2025
Terminated at Tue Dec 30 09:00:00 2025
Results reported at Tue Dec 30 09:00:00 2025

Your job looked like:

------------------------------------------------------------
# LSBATCH: User input
#! /bin/bash

#BSUB -J gen_flood_folders
#BSUB -W 60
#BSUB -n 1
#BSUB -q ccee
#BSUB -o gen_flood_folders.%J.out
#BSUB -e gen_flood_folders.%J.err

source ~/.bashrc

# Resolve the directory where the job was submitted from (LSF variable or fallback)
SUBMIT_DIR="${LS_SUBCWD:-$PWD}"

# Point one directory up from that
ENV_FILE="$SUBMIT_DIR/../hpc_paths.env"

# Load the env file if it exists
if [ -f "$ENV_FILE" ]; then
    source "$ENV_FILE"
    echo "Loaded environment variables from $ENV_FILE"
else
    echo "Warning: No hpc_paths.env file found at $ENV_FILE"
fi

echo "Activating conda environment..."
conda activate $POSEIDON_ENV

REPO_ROOT=$(cd $LS_SUBCWD/../.. && pwd)

RUNNER_SCRIPT="$REPO_ROOT/poseidon_deploy/naiads/run_flood_event_setup.py"

ABBR_EVENTS="$REPO_ROOT/data/down_east/abbr_flood_events.csv"
FILT_ABBR_CSV="$REPO_ROOT/data/down_east/abbr_flood_events.csv"
FLOOD_EVENTS_CSV="$REPO_ROOT/data/down_east/flood_events.csv"

IMAGE_DIR="$REPO_ROOT/data/down_east/images/daylight_all_events"
LABEL_DIR="$REPO_ROOT/data/down_east/images/daylight_all_events_labels"
OUTPUT_DIR="$REPO_ROOT/data/down_east/flood_events"

echo "Starting image organizer Python script..."
python -u $RUNNER_SCRIPT \
    --abbr_events_csv $ABBR_EVENTS \
    --filtered_abbr_csv $FILT_ABBR_CSV \
    --full_sensor_csv $FLOOD_EVENTS_CSV \
    --image_dir $IMAGE_DIR \
    --label_dir $LABEL_DIR \
    --output_dir $OUTPUT_DIR \
    --image_subfolder 'orig_images' \
    --label_subfolder 'labels' \

(... more ...)
------------------------------------------------------------

Successfully completed.

Resource usage summary:

    CPU time :                                   37.76 sec.
    Max Memory :                                 -
    Average Memory :                             -
    Total Requested Memory :                     2.00 GB
    Delta Memory :                               -
    Max Swap :                                   -
    Max Processes :                              5
    Max Threads :                                6
    Run time :                                   210 sec.
    Turnaround time :                            206 sec.

The output (if any) is above this job summary.



PS:

Read file <gen_flood_folders.862590.err> for stderr output of this job.

