Loaded environment variables from /share/jcdietri/rmccune/poseidon/poseidon_deploy/hpc_submission_scripts/../hpc_paths.env
Activating conda environment...
Starting photo pull Python script...
[2025-12-29 09:42:14] INFO: Image Handler initialized. Image Drive: /rsstu/users/k/kanarde/Sunnyverse-Images
[2025-12-29 09:42:14] INFO: Starting flood event image pull. Destination: /share/jcdietri/rmccune/poseidon/data/carolina_beach/images/all_events_during_FOV
[2025-12-29 09:42:14] INFO: Applying 3.0-hour buffer to all event times.
[2025-12-29 09:42:14] INFO: Ensured destination folder exists: /share/jcdietri/rmccune/poseidon/data/carolina_beach/images/all_events_during_FOV
[2025-12-29 09:42:14] INFO: Loaded 21 flood events from /share/jcdietri/rmccune/poseidon/data/carolina_beach/abbr_flood_events.csv
[2025-12-29 09:42:14] INFO: Gathering file list for all events... (This may take a moment)
[2025-12-29 09:42:14] INFO:   Processing event 1/21: Camera CAM_CB_03 @ 2022-08-19
[2025-12-29 09:42:15] INFO:   Processing event 2/21: Camera CAM_CB_03 @ 2022-09-29
[2025-12-29 09:42:16] INFO:   Processing event 4/21: Camera CAM_CB_03 @ 2022-10-04
[2025-12-29 09:42:17] INFO:   Processing event 6/21: Camera CAM_CB_03 @ 2022-12-22
[2025-12-29 09:42:17] INFO:   Processing event 8/21: Camera CAM_CB_03 @ 2023-08-27
[2025-12-29 09:42:19] INFO:   Processing event 10/21: Camera CAM_CB_03 @ 2023-09-01
[2025-12-29 09:42:19] INFO:   Processing event 12/21: Camera CAM_CB_03 @ 2023-09-29
[2025-12-29 09:42:19] INFO:   Processing event 14/21: Camera CAM_CB_03 @ 2023-10-01
[2025-12-29 09:42:19] INFO:   Processing event 16/21: Camera CAM_CB_03 @ 2023-10-03
[2025-12-29 09:42:21] INFO:   Processing event 18/21: Camera CAM_CB_03 @ 2023-12-17
[2025-12-29 09:42:22] INFO:   Processing event 20/21: Camera CAM_CB_03 @ 2024-08-09
[2025-12-29 09:42:23] INFO:   Processing event 21/21: Camera CAM_CB_03 @ 2024-08-12
[2025-12-29 09:42:23] INFO: Finished event processing. Found 1759 files (pre-deduplication).
[2025-12-29 09:42:23] INFO: Starting parallel copy of 1759 files (max_workers=default)...
[2025-12-29 09:42:23] INFO:   Copy progress: 1/1759 files processed.
[2025-12-29 09:42:24] INFO:   Copy progress: 175/1759 files processed.
[2025-12-29 09:42:25] INFO:   Copy progress: 350/1759 files processed.
[2025-12-29 09:42:25] INFO:   Copy progress: 525/1759 files processed.
[2025-12-29 09:42:25] INFO:   Copy progress: 700/1759 files processed.
[2025-12-29 09:42:27] INFO:   Copy progress: 875/1759 files processed.
[2025-12-29 09:42:28] INFO:   Copy progress: 1050/1759 files processed.
[2025-12-29 09:42:28] INFO:   Copy progress: 1225/1759 files processed.
[2025-12-29 09:42:28] INFO:   Copy progress: 1400/1759 files processed.
[2025-12-29 09:42:28] INFO:   Copy progress: 1575/1759 files processed.
[2025-12-29 09:42:29] INFO:   Copy progress: 1750/1759 files processed.
[2025-12-29 09:42:29] INFO:   Copy progress: 1759/1759 files processed.
[2025-12-29 09:42:29] INFO: Image pull complete. Copied: 1759, Failed: 0
Image pull complete.
Deactivating conda environment...
Job finished.

------------------------------------------------------------
Sender: LSF System <lsfadmin@c054n04>
Subject: Job 843142: <image_pull> in cluster <Hazel> Done

Job <image_pull> was submitted from host <login03.hpc.ncsu.edu> by user <rmccune> in cluster <Hazel> at Mon Dec 29 09:42:01 2025
Job was executed on host(s) <c054n04>, in queue <ccee>, as user <rmccune> in cluster <Hazel> at Mon Dec 29 09:42:02 2025
</home/rmccune> was used as the home directory.
</share/jcdietri/rmccune/poseidon/poseidon_deploy/hpc_submission_scripts> was used as the working directory.
Started at Mon Dec 29 09:42:02 2025
Terminated at Mon Dec 29 09:42:31 2025
Results reported at Mon Dec 29 09:42:31 2025

Your job looked like:

------------------------------------------------------------
# LSBATCH: User input
#! /bin/bash

#BSUB -J image_pull
#BSUB -W 10
#BSUB -n 1
#BSUB -q ccee
#BSUB -o image_pull.%J.out
#BSUB -e image_pull.%J.err

source ~/.bashrc

# Resolve the directory where the job was submitted from (LSF variable or fallback)
SUBMIT_DIR="${LS_SUBCWD:-$PWD}"

# Point one directory up from that
ENV_FILE="$SUBMIT_DIR/../hpc_paths.env"

# Load the env file if it exists
if [ -f "$ENV_FILE" ]; then
    source "$ENV_FILE"
    echo "Loaded environment variables from $ENV_FILE"
else
    echo "Warning: No hpc_paths.env file found at $ENV_FILE"
fi

echo "Activating conda environment..."
conda activate $POSEIDON_ENV

REPO_ROOT=$(cd $LS_SUBCWD/../.. && pwd)

RUNNER_SCRIPT="$REPO_ROOT/poseidon_deploy/naiads/run_image_pull.py"
EVENT_CSV="$REPO_ROOT/data/carolina_beach/abbr_flood_events.csv"

OUTPUT_DIR="$REPO_ROOT/data/carolina_beach/images/all_events_during_FOV"

echo "Starting photo pull Python script..."
python -u $RUNNER_SCRIPT \
    --drive $IMAGE_DRIVE \
    --dest $OUTPUT_DIR \
    --csv $EVENT_CSV \
    --buffer 3

echo "Deactivating conda environment..."
conda deactivate

echo "Job finished."

------------------------------------------------------------

Successfully completed.

Resource usage summary:

    CPU time :                                   5.87 sec.
    Max Memory :                                 -
    Average Memory :                             -
    Total Requested Memory :                     2.00 GB
    Delta Memory :                               -
    Max Swap :                                   -
    Max Processes :                              5
    Max Threads :                                6
    Run time :                                   39 sec.
    Turnaround time :                            30 sec.

The output (if any) is above this job summary.



PS:

Read file <image_pull.843142.err> for stderr output of this job.

