Loaded environment variables from /share/jcdietri/rmccune/poseidon/poseidon_deploy/hpc_submission_scripts/../hpc_paths.env
Activating conda environment...
Starting photo filter Python script...
[2025-12-29 22:14:04] INFO: Image Handler initialized. Image Drive: /rsstu/users/k/kanarde/Sunnyverse-Images
[2025-12-29 22:14:04] INFO: Starting copy of images matching provided hour window (Eastern). Destination: /share/jcdietri/rmccune/poseidon/data/down_east/images/daylight_all_events Hours: 6 to 19
[2025-12-29 22:14:04] INFO: Ensured destination folder exists: /share/jcdietri/rmccune/poseidon/data/down_east/images/daylight_all_events
[2025-12-29 22:14:16] INFO: Starting parallel copy of 4349 files (max_workers=default)...
[2025-12-29 22:14:17] INFO:   Copy progress: 1/4349 files processed.
[2025-12-29 22:14:24] INFO:   Copy progress: 434/4349 files processed.
[2025-12-29 22:14:29] INFO:   Copy progress: 868/4349 files processed.
[2025-12-29 22:14:34] INFO:   Copy progress: 1302/4349 files processed.
[2025-12-29 22:14:39] INFO:   Copy progress: 1736/4349 files processed.
[2025-12-29 22:14:41] INFO:   Copy progress: 2170/4349 files processed.
[2025-12-29 22:14:46] INFO:   Copy progress: 2604/4349 files processed.
[2025-12-29 22:14:49] INFO:   Copy progress: 3038/4349 files processed.
[2025-12-29 22:14:52] INFO:   Copy progress: 3472/4349 files processed.
[2025-12-29 22:14:52] INFO:   Copy progress: 3906/4349 files processed.
[2025-12-29 22:14:54] INFO:   Copy progress: 4340/4349 files processed.
[2025-12-29 22:14:54] INFO:   Copy progress: 4349/4349 files processed.
[2025-12-29 22:14:54] INFO: Windowed image pull complete. Copied: 4349, Failed: 0
Image filtering complete.
Deactivating conda environment...
Job finished.

------------------------------------------------------------
Sender: LSF System <lsfadmin@c042n02>
Subject: Job 856793: <image_filter> in cluster <Hazel> Done

Job <image_filter> was submitted from host <login04> by user <rmccune> in cluster <Hazel> at Mon Dec 29 22:13:46 2025
Job was executed on host(s) <c042n02>, in queue <ccee>, as user <rmccune> in cluster <Hazel> at Mon Dec 29 22:13:47 2025
</home/rmccune> was used as the home directory.
</share/jcdietri/rmccune/poseidon/poseidon_deploy/hpc_submission_scripts> was used as the working directory.
Started at Mon Dec 29 22:13:47 2025
Terminated at Mon Dec 29 22:14:57 2025
Results reported at Mon Dec 29 22:14:57 2025

Your job looked like:

------------------------------------------------------------
# LSBATCH: User input
#! /bin/bash

#BSUB -J image_filter
#BSUB -W 15
#BSUB -n 1
#BSUB -q ccee
#BSUB -o image_filter.%J.out
#BSUB -e image_filter.%J.err

source ~/.bashrc

# Resolve the directory where the job was submitted from (LSF variable or fallback)
SUBMIT_DIR="${LS_SUBCWD:-$PWD}"

# Point one directory up from that
ENV_FILE="$SUBMIT_DIR/../hpc_paths.env"

# Load the env file if it exists
if [ -f "$ENV_FILE" ]; then
    source "$ENV_FILE"
    echo "Loaded environment variables from $ENV_FILE"
else
    echo "Warning: No hpc_paths.env file found at $ENV_FILE"
fi

echo "Activating conda environment..."
conda activate $POSEIDON_ENV

REPO_ROOT=$(cd $LS_SUBCWD/../.. && pwd)

RUNNER_SCRIPT="$REPO_ROOT/poseidon_deploy/naiads/run_image_filter.py"

IMAGE_DRIVE='/rsstu/users/k/kanarde/Sunnyverse-Images'
IMAGE_DIR="$REPO_ROOT/data/down_east/images/all_events_during_FOV"
OUTPUT_DIR="$REPO_ROOT/data/down_east/images/daylight_all_events"

echo "Starting photo filter Python script..."
python -u $RUNNER_SCRIPT \
    --drive $IMAGE_DRIVE \
    --image_dir $IMAGE_DIR \
    --dest $OUTPUT_DIR \
    --start 6 \
    --end 19

echo "Deactivating conda environment..."
conda deactivate

echo "Job finished."

------------------------------------------------------------

Successfully completed.

Resource usage summary:

    CPU time :                                   46.92 sec.
    Max Memory :                                 -
    Average Memory :                             -
    Total Requested Memory :                     2.00 GB
    Delta Memory :                               -
    Max Swap :                                   -
    Max Processes :                              5
    Max Threads :                                38
    Run time :                                   83 sec.
    Turnaround time :                            71 sec.

The output (if any) is above this job summary.



PS:

Read file <image_filter.856793.err> for stderr output of this job.

