Loaded environment variables from /share/jcdietri/rmccune/poseidon/poseidon_deploy/hpc_submission_scripts/../hpc_paths.env
Activating conda environment...
Starting photo filter Python script...
[2025-12-29 22:14:42] INFO: Image Handler initialized. Image Drive: /rsstu/users/k/kanarde/Sunnyverse-Images
[2025-12-29 22:14:42] INFO: Starting copy of images matching provided hour window (Eastern). Destination: /share/jcdietri/rmccune/poseidon/data/carolina_beach/images/daylight_all_events Hours: 6 to 19
[2025-12-29 22:14:42] INFO: Ensured destination folder exists: /share/jcdietri/rmccune/poseidon/data/carolina_beach/images/daylight_all_events
[2025-12-29 22:14:43] INFO: Starting parallel copy of 1572 files (max_workers=default)...
[2025-12-29 22:14:43] INFO:   Copy progress: 1/1572 files processed.
[2025-12-29 22:14:47] INFO:   Copy progress: 157/1572 files processed.
[2025-12-29 22:14:47] INFO:   Copy progress: 314/1572 files processed.
[2025-12-29 22:14:52] INFO:   Copy progress: 471/1572 files processed.
[2025-12-29 22:14:52] INFO:   Copy progress: 628/1572 files processed.
[2025-12-29 22:14:52] INFO:   Copy progress: 785/1572 files processed.
[2025-12-29 22:14:53] INFO:   Copy progress: 942/1572 files processed.
[2025-12-29 22:14:55] INFO:   Copy progress: 1099/1572 files processed.
[2025-12-29 22:14:55] INFO:   Copy progress: 1256/1572 files processed.
[2025-12-29 22:14:57] INFO:   Copy progress: 1413/1572 files processed.
[2025-12-29 22:14:57] INFO:   Copy progress: 1570/1572 files processed.
[2025-12-29 22:14:57] INFO:   Copy progress: 1572/1572 files processed.
[2025-12-29 22:14:57] INFO: Windowed image pull complete. Copied: 1572, Failed: 0
Image filtering complete.
Deactivating conda environment...
Job finished.

------------------------------------------------------------
Sender: LSF System <lsfadmin@c051n01>
Subject: Job 856808: <image_filter> in cluster <Hazel> Done

Job <image_filter> was submitted from host <login04> by user <rmccune> in cluster <Hazel> at Mon Dec 29 22:14:33 2025
Job was executed on host(s) <c051n01>, in queue <ccee>, as user <rmccune> in cluster <Hazel> at Mon Dec 29 22:14:35 2025
</home/rmccune> was used as the home directory.
</share/jcdietri/rmccune/poseidon/poseidon_deploy/hpc_submission_scripts> was used as the working directory.
Started at Mon Dec 29 22:14:35 2025
Terminated at Mon Dec 29 22:14:58 2025
Results reported at Mon Dec 29 22:14:58 2025

Your job looked like:

------------------------------------------------------------
# LSBATCH: User input
#! /bin/bash

#BSUB -J image_filter
#BSUB -W 15
#BSUB -n 1
#BSUB -q ccee
#BSUB -o image_filter.%J.out
#BSUB -e image_filter.%J.err

source ~/.bashrc

# Resolve the directory where the job was submitted from (LSF variable or fallback)
SUBMIT_DIR="${LS_SUBCWD:-$PWD}"

# Point one directory up from that
ENV_FILE="$SUBMIT_DIR/../hpc_paths.env"

# Load the env file if it exists
if [ -f "$ENV_FILE" ]; then
    source "$ENV_FILE"
    echo "Loaded environment variables from $ENV_FILE"
else
    echo "Warning: No hpc_paths.env file found at $ENV_FILE"
fi

echo "Activating conda environment..."
conda activate $POSEIDON_ENV

REPO_ROOT=$(cd $LS_SUBCWD/../.. && pwd)

RUNNER_SCRIPT="$REPO_ROOT/poseidon_deploy/naiads/run_image_filter.py"

IMAGE_DRIVE='/rsstu/users/k/kanarde/Sunnyverse-Images'
IMAGE_DIR="$REPO_ROOT/data/carolina_beach/images/all_events_during_FOV"
OUTPUT_DIR="$REPO_ROOT/data/carolina_beach/images/daylight_all_events"

echo "Starting photo filter Python script..."
python -u $RUNNER_SCRIPT \
    --drive $IMAGE_DRIVE \
    --image_dir $IMAGE_DIR \
    --dest $OUTPUT_DIR \
    --start 6 \
    --end 19

echo "Deactivating conda environment..."
conda deactivate

echo "Job finished."

------------------------------------------------------------

Successfully completed.

Resource usage summary:

    CPU time :                                   14.90 sec.
    Max Memory :                                 -
    Average Memory :                             -
    Total Requested Memory :                     2.00 GB
    Delta Memory :                               -
    Max Swap :                                   -
    Max Processes :                              4
    Max Threads :                                5
    Run time :                                   33 sec.
    Turnaround time :                            25 sec.

The output (if any) is above this job summary.



PS:

Read file <image_filter.856808.err> for stderr output of this job.

