Loaded environment variables from /share/jcdietri/rmccune/poseidon/poseidon_deploy/hpc_submission_scripts/../hpc_paths.env
Activating conda environment...
Starting photo pull Python script...
[2025-12-29 09:26:46] INFO: Image Handler initialized. Image Drive: /rsstu/users/k/kanarde/Sunnyverse-Images
[2025-12-29 09:26:46] INFO: Starting flood event image pull. Destination: /share/jcdietri/rmccune/poseidon/data/down_east/images/all_events_during_FOV
[2025-12-29 09:26:46] INFO: Applying 3.0-hour buffer to all event times.
[2025-12-29 09:26:46] INFO: Ensured destination folder exists: /share/jcdietri/rmccune/poseidon/data/down_east/images/all_events_during_FOV
[2025-12-29 09:26:46] INFO: Loaded 59 flood events from /share/jcdietri/rmccune/poseidon/data/down_east/abbr_flood_events.csv
[2025-12-29 09:26:46] INFO: Gathering file list for all events... (This may take a moment)
[2025-12-29 09:26:46] INFO:   Processing event 1/59: Camera CAM_DE_01 @ 2024-05-22
[2025-12-29 09:26:47] INFO:   Processing event 5/59: Camera CAM_DE_01 @ 2024-07-28
[2025-12-29 09:26:48] INFO:   Processing event 10/59: Camera CAM_DE_01 @ 2024-09-05
[2025-12-29 09:26:49] INFO:   Processing event 15/59: Camera CAM_DE_01 @ 2024-09-12
[2025-12-29 09:26:50] INFO:   Processing event 20/59: Camera CAM_DE_01 @ 2024-09-16
[2025-12-29 09:26:50] INFO: Directory not found (this may be expected): /rsstu/users/k/kanarde/Sunnyverse-Images/2024 Archive/CAM_DE_01/2024-09-18
[2025-12-29 09:26:50] INFO:   Processing event 25/59: Camera CAM_DE_01 @ 2024-09-19
[2025-12-29 09:26:50] INFO: Directory not found (this may be expected): /rsstu/users/k/kanarde/Sunnyverse-Images/2024 Archive/CAM_DE_01/2024-09-19
[2025-12-29 09:26:50] INFO: Directory not found (this may be expected): /rsstu/users/k/kanarde/Sunnyverse-Images/2024 Archive/CAM_DE_01/2024-09-20
[2025-12-29 09:26:51] INFO:   Processing event 30/59: Camera CAM_DE_01 @ 2024-09-24
[2025-12-29 09:26:52] INFO:   Processing event 35/59: Camera CAM_DE_01 @ 2024-10-05
[2025-12-29 09:26:52] INFO:   Processing event 40/59: Camera CAM_DE_01 @ 2024-10-10
[2025-12-29 09:26:53] INFO:   Processing event 45/59: Camera CAM_DE_01 @ 2024-10-19
[2025-12-29 09:26:54] INFO:   Processing event 50/59: Camera CAM_DE_01 @ 2024-11-13
[2025-12-29 09:26:54] INFO:   Processing event 55/59: Camera CAM_DE_01 @ 2024-11-18
[2025-12-29 09:26:55] INFO:   Processing event 59/59: Camera CAM_DE_01 @ 2024-11-22
[2025-12-29 09:26:55] INFO: Finished event processing. Found 5013 files (pre-deduplication).
[2025-12-29 09:26:55] INFO: Starting parallel copy of 4876 files (max_workers=default)...
[2025-12-29 09:26:55] INFO:   Copy progress: 1/4876 files processed.
[2025-12-29 09:26:56] INFO:   Copy progress: 487/4876 files processed.
[2025-12-29 09:26:57] INFO:   Copy progress: 974/4876 files processed.
[2025-12-29 09:26:58] INFO:   Copy progress: 1461/4876 files processed.
[2025-12-29 09:27:00] INFO:   Copy progress: 1948/4876 files processed.
[2025-12-29 09:27:01] INFO:   Copy progress: 2435/4876 files processed.
[2025-12-29 09:27:02] INFO:   Copy progress: 2922/4876 files processed.
[2025-12-29 09:27:02] INFO:   Copy progress: 3409/4876 files processed.
[2025-12-29 09:27:04] INFO:   Copy progress: 3896/4876 files processed.
[2025-12-29 09:27:05] INFO:   Copy progress: 4383/4876 files processed.
[2025-12-29 09:27:06] INFO:   Copy progress: 4870/4876 files processed.
[2025-12-29 09:27:06] INFO:   Copy progress: 4876/4876 files processed.
[2025-12-29 09:27:06] INFO: Image pull complete. Copied: 4876, Failed: 0
Image pull complete.
Deactivating conda environment...
Job finished.

------------------------------------------------------------
Sender: LSF System <lsfadmin@c054n04>
Subject: Job 843137: <image_pull> in cluster <Hazel> Done

Job <image_pull> was submitted from host <login03.hpc.ncsu.edu> by user <rmccune> in cluster <Hazel> at Mon Dec 29 09:26:40 2025
Job was executed on host(s) <c054n04>, in queue <ccee>, as user <rmccune> in cluster <Hazel> at Mon Dec 29 09:26:41 2025
</home/rmccune> was used as the home directory.
</share/jcdietri/rmccune/poseidon/poseidon_deploy/hpc_submission_scripts> was used as the working directory.
Started at Mon Dec 29 09:26:41 2025
Terminated at Mon Dec 29 09:27:08 2025
Results reported at Mon Dec 29 09:27:08 2025

Your job looked like:

------------------------------------------------------------
# LSBATCH: User input
#! /bin/bash

#BSUB -J image_pull
#BSUB -W 10
#BSUB -n 1
#BSUB -q ccee
#BSUB -o image_pull.%J.out
#BSUB -e image_pull.%J.err

source ~/.bashrc

# Resolve the directory where the job was submitted from (LSF variable or fallback)
SUBMIT_DIR="${LS_SUBCWD:-$PWD}"

# Point one directory up from that
ENV_FILE="$SUBMIT_DIR/../hpc_paths.env"

# Load the env file if it exists
if [ -f "$ENV_FILE" ]; then
    source "$ENV_FILE"
    echo "Loaded environment variables from $ENV_FILE"
else
    echo "Warning: No hpc_paths.env file found at $ENV_FILE"
fi

echo "Activating conda environment..."
conda activate $POSEIDON_ENV

REPO_ROOT=$(cd $LS_SUBCWD/../.. && pwd)

RUNNER_SCRIPT="$REPO_ROOT/poseidon_deploy/naiads/run_image_pull.py"
EVENT_CSV="$REPO_ROOT/data/down_east/abbr_flood_events.csv"

OUTPUT_DIR="$REPO_ROOT/data/down_east/images/all_events_during_FOV"

echo "Starting photo pull Python script..."
python -u $RUNNER_SCRIPT \
    --drive $IMAGE_DRIVE \
    --dest $OUTPUT_DIR \
    --csv $EVENT_CSV \
    --buffer 3

echo "Deactivating conda environment..."
conda deactivate

echo "Job finished."

------------------------------------------------------------

Successfully completed.

Resource usage summary:

    CPU time :                                   11.22 sec.
    Max Memory :                                 -
    Average Memory :                             -
    Total Requested Memory :                     2.00 GB
    Delta Memory :                               -
    Max Swap :                                   -
    Max Processes :                              4
    Max Threads :                                5
    Run time :                                   33 sec.
    Turnaround time :                            28 sec.

The output (if any) is above this job summary.



PS:

Read file <image_pull.843137.err> for stderr output of this job.

