Traceback (most recent call last):
  File "/rsstu/users/k/kanarde/NASA-Sunnyverse/rmccune/poseidon/poseidon_deploy/naiads/run_rectify.py", line 8, in <module>
    import poseidon_core
  File "/gpfs_common/share01/jcdietri/rmccune/poseidon/poseidon_core/__init__.py", line 4, in <module>
    from .depth_map_plotter import DepthMapPlotter
  File "/gpfs_common/share01/jcdietri/rmccune/poseidon/poseidon_core/depth_map_plotter.py", line 18, in <module>
    import contextily as ctx
  File "/rsstu/users/k/kanarde/NASA-Sunnyverse/rmccune/conda/poseidon/lib/python3.11/site-packages/contextily/__init__.py", line 6, in <module>
    from .place import Place, plot_map
  File "/rsstu/users/k/kanarde/NASA-Sunnyverse/rmccune/conda/poseidon/lib/python3.11/site-packages/contextily/place.py", line 7, in <module>
    from .tile import howmany, bounds2raster, bounds2img, _sm2ll, _calculate_zoom
  File "/rsstu/users/k/kanarde/NASA-Sunnyverse/rmccune/conda/poseidon/lib/python3.11/site-packages/contextily/tile.py", line 41, in <module>
    memory = _Memory(tmpdir, verbose=0)
             ^^^^^^^^^^^^^^^^^^^^^^^^^^
  File "/rsstu/users/k/kanarde/NASA-Sunnyverse/rmccune/conda/poseidon/lib/python3.11/site-packages/joblib/memory.py", line 1035, in __init__
    self.store_backend = _store_backend_factory(
                         ^^^^^^^^^^^^^^^^^^^^^^^
  File "/rsstu/users/k/kanarde/NASA-Sunnyverse/rmccune/conda/poseidon/lib/python3.11/site-packages/joblib/memory.py", line 138, in _store_backend_factory
    obj.configure(location, verbose=verbose, backend_options=backend_options)
  File "/rsstu/users/k/kanarde/NASA-Sunnyverse/rmccune/conda/poseidon/lib/python3.11/site-packages/joblib/_store_backends.py", line 464, in configure
    mkdirp(self.location)
  File "/rsstu/users/k/kanarde/NASA-Sunnyverse/rmccune/conda/poseidon/lib/python3.11/site-packages/joblib/disk.py", line 58, in mkdirp
    os.makedirs(d)
  File "<frozen os>", line 225, in makedirs
OSError: [Errno 122] Disk quota exceeded: '/share/jcdietri/rmccune/tmp/tmp61ljjeaq/joblib'
