Loaded environment variables from /rsstu/users/k/kanarde/NASA-Sunnyverse/rmccune/poseidon/poseidon_deploy/hpc_submission_scripts/../hpc_paths.env
Activating conda environment...
Starting plotter Python script with MPI...
dlopen error libcuda.so.1: cannot open shared object file: No such file or directory
dlopen error libcuda.so.1: cannot open shared object file: No such file or directory
 missing cuda symbols while dynamic loading
 cuFile initialization failed
dlopen error libcuda.so.1: cannot open shared object file: No such file or directory
dlopen error libcuda.so.1: cannot open shared object file: No such file or directory
 missing cuda symbols while dynamic loading
 cuFile initialization failed
dlopen error libcuda.so.1: cannot open shared object file: No such file or directory
 missing cuda symbols while dynamic loading
 missing cuda symbols while dynamic loading
 cuFile initialization failed
 missing cuda symbols while dynamic loading
 cuFile initialization failed
 cuFile initialization failed
dlopen error libcuda.so.1: cannot open shared object file: No such file or directory
 missing cuda symbols while dynamic loading
 cuFile initialization failed
dlopen error libcuda.so.1: cannot open shared object file: No such file or directory
 missing cuda symbols while dynamic loading
 cuFile initialization failed
dlopen error libcuda.so.1: cannot open shared object file: No such file or directory
 missing cuda symbols while dynamic loading
 cuFile initialization failed
dlopen error libcuda.so.1: cannot open shared object file: No such file or directory
 missing cuda symbols while dynamic loading
 cuFile initialization failed
dlopen error libcuda.so.1: cannot open shared object file: No such file or directory
 missing cuda symbols while dynamic loading
 cuFile initialization failed
dlopen error libcuda.so.1: cannot open shared object file: No such file or directory
 missing cuda symbols while dynamic loading
 cuFile initialization failed
dlopen error libcuda.so.1: cannot open shared object file: No such file or directory
 missing cuda symbols while dynamic loading
 cuFile initialization failed
dlopen error libcuda.so.1: cannot open shared object file: No such file or directory
 missing cuda symbols while dynamic loading
 cuFile initialization failed
dlopen error libcuda.so.1: cannot open shared object file: No such file or directory
 missing cuda symbols while dynamic loading
 cuFile initialization failed
dlopen error libcuda.so.1: cannot open shared object file: No such file or directory
 missing cuda symbols while dynamic loading
 cuFile initialization failed
dlopen error libcuda.so.1: cannot open shared object file: No such file or directory
 missing cuda symbols while dynamic loading
 cuFile initialization failed
dlopen error libcuda.so.1: cannot open shared object file: No such file or directory
 missing cuda symbols while dynamic loading
 cuFile initialization failed
dlopen error libcuda.so.1: cannot open shared object file: No such file or directory
 missing cuda symbols while dynamic loading
 cuFile initialization failed
dlopen error libcuda.so.1: cannot open shared object file: No such file or directory
 missing cuda symbols while dynamic loading
 cuFile initialization failed
dlopen error libcuda.so.1: cannot open shared object file: No such file or directory
 missing cuda symbols while dynamic loading
 cuFile initialization failed
dlopen error libcuda.so.1: cannot open shared object file: No such file or directory
 missing cuda symbols while dynamic loading
 cuFile initialization failed
dlopen error libcuda.so.1: cannot open shared object file: No such file or directory
 missing cuda symbols while dynamic loading
 cuFile initialization failed
dlopen error libcuda.so.1: cannot open shared object file: No such file or directory
 missing cuda symbols while dynamic loading
 cuFile initialization failed
dlopen error libcuda.so.1: cannot open shared object file: No such file or directory
 missing cuda symbols while dynamic loading
 cuFile initialization failed
dlopen error libcuda.so.1: cannot open shared object file: No such file or directory
 missing cuda symbols while dynamic loading
 cuFile initialization failed
dlopen error libcuda.so.1: cannot open shared object file: No such file or directory
 missing cuda symbols while dynamic loading
 cuFile initialization failed
dlopen error libcuda.so.1: cannot open shared object file: No such file or directory
 missing cuda symbols while dynamic loading
 cuFile initialization failed
dlopen error libcuda.so.1: cannot open shared object file: No such file or directory
 missing cuda symbols while dynamic loading
 cuFile initialization failed
dlopen error libcuda.so.1: cannot open shared object file: No such file or directory
 missing cuda symbols while dynamic loading
 cuFile initialization failed
Deactivating conda environment...
Job finished.

------------------------------------------------------------
Sender: LSF System <lsfadmin@c046n01>
Subject: Job 52019: <plot_depths> in cluster <Hazel> Done

Job <plot_depths> was submitted from host <login04> by user <rmccune> in cluster <Hazel> at Tue Jan 27 18:56:35 2026
Job was executed on host(s) <12*c046n01>, in queue <ccee>, as user <rmccune> in cluster <Hazel> at Tue Jan 27 18:56:35 2026
</home/rmccune> was used as the home directory.
</rsstu/users/k/kanarde/NASA-Sunnyverse/rmccune/poseidon/poseidon_deploy/hpc_submission_scripts> was used as the working directory.
Started at Tue Jan 27 18:56:35 2026
Terminated at Tue Jan 27 18:56:48 2026
Results reported at Tue Jan 27 18:56:48 2026

Your job looked like:

------------------------------------------------------------
# LSBATCH: User input
#! /bin/bash

#BSUB -J plot_depths
#BSUB -W 120
#BSUB -n 12
#BSUB -R "span[hosts=1]"
#BSUB -R "rusage[mem=8G]"
#BSUB -q ccee
#BSUB -o plotting.%J.out
#BSUB -e plotting.%J.err

source ~/.bashrc

export MPI4PY_RC_INITIALIZE=False

SUBMIT_DIR="${LS_SUBCWD:-$PWD}"
ENV_FILE="$SUBMIT_DIR/../hpc_paths.env"

if [ -f "$ENV_FILE" ]; then
    source "$ENV_FILE"
    echo "Loaded environment variables from $ENV_FILE"
else
    echo "Warning: No hpc_paths.env file found at $ENV_FILE"
fi

echo "Activating conda environment..."
conda activate $POSEIDON_ENV

REPO_ROOT=$(cd $LS_SUBCWD/../.. && pwd)
RUNNER_SCRIPT="$REPO_ROOT/poseidon_deploy/naiads/run_plotter.py"
EVENT_DIR="$REPO_ROOT/data/down_east/flood_events"

echo "Starting plotter Python script with MPI..."

# Using CB_03 extents based on your snippet
# Change --location to "DE_01" and update extents if running for Down East
mpirun python -u $RUNNER_SCRIPT \
    --event_dir $EVENT_DIR \
    --location "CB_03" \
    --min_x 712160 \
    --max_x 712230 \
    --min_y 33100 \
    --max_y 33170 \
    --bbox_crs "EPSG:32119" \
    --resolution 0.05 \
    --stats "95_perc"

echo "Deactivating conda environment..."
conda deactivate


(... more ...)
------------------------------------------------------------

Successfully completed.

Resource usage summary:

    CPU time :                                   84.10 sec.
    Max Memory :                                 -
    Average Memory :                             -
    Total Requested Memory :                     8.00 GB
    Delta Memory :                               -
    Max Swap :                                   -
    Max Processes :                              5
    Max Threads :                                6
    Run time :                                   25 sec.
    Turnaround time :                            13 sec.

The output (if any) is above this job summary.



PS:

Read file <plotting.52019.err> for stderr output of this job.

