Traceback (most recent call last):
  File "/rsstu/users/k/kanarde/NASA-Sunnyverse/rmccune/poseidon/poseidon_deploy/naiads/run_roadway_analyzer.py", line 31, in <module>
Traceback (most recent call last):
  File "/rsstu/users/k/kanarde/NASA-Sunnyverse/rmccune/poseidon/poseidon_deploy/naiads/run_roadway_analyzer.py", line 31, in <module>
Traceback (most recent call last):
  File "/rsstu/users/k/kanarde/NASA-Sunnyverse/rmccune/poseidon/poseidon_deploy/naiads/run_roadway_analyzer.py", line 31, in <module>
Traceback (most recent call last):
  File "/rsstu/users/k/kanarde/NASA-Sunnyverse/rmccune/poseidon/poseidon_deploy/naiads/run_roadway_analyzer.py", line 31, in <module>
Traceback (most recent call last):
  File "/rsstu/users/k/kanarde/NASA-Sunnyverse/rmccune/poseidon/poseidon_deploy/naiads/run_roadway_analyzer.py", line 31, in <module>
Traceback (most recent call last):
  File "/rsstu/users/k/kanarde/NASA-Sunnyverse/rmccune/poseidon/poseidon_deploy/naiads/run_roadway_analyzer.py", line 31, in <module>
Traceback (most recent call last):
  File "/rsstu/users/k/kanarde/NASA-Sunnyverse/rmccune/poseidon/poseidon_deploy/naiads/run_roadway_analyzer.py", line 31, in <module>
    main()
  File "/rsstu/users/k/kanarde/NASA-Sunnyverse/rmccune/poseidon/poseidon_deploy/naiads/run_roadway_analyzer.py", line 20, in main
    analyzer = poseidon_core.RoadwayAnalyzer(
               ^^^^^^^^^^^^^^^^^^^^^^^^^^^^^^
  File "/rsstu/users/k/kanarde/NASA-Sunnyverse/rmccune/poseidon/poseidon_core/roadway_analyzer.py", line 48, in __init__
Traceback (most recent call last):
  File "/rsstu/users/k/kanarde/NASA-Sunnyverse/rmccune/poseidon/poseidon_deploy/naiads/run_roadway_analyzer.py", line 31, in <module>
    raise ValueError(f"Could not find a line labeled '{line_label}' in {labelme_json_path}")
    main()
  File "/rsstu/users/k/kanarde/NASA-Sunnyverse/rmccune/poseidon/poseidon_deploy/naiads/run_roadway_analyzer.py", line 20, in main
    analyzer = poseidon_core.RoadwayAnalyzer(
               ^^^^^^^^^^^^^^^^^^^^^^^^^^^^^^
  File "/rsstu/users/k/kanarde/NASA-Sunnyverse/rmccune/poseidon/poseidon_core/roadway_analyzer.py", line 48, in __init__
    raise ValueError(f"Could not find a line labeled '{line_label}' in {labelme_json_path}")
ValueError: Could not find a line labeled 'roadway' in /rsstu/users/k/kanarde/NASA-Sunnyverse/rmccune/poseidon/data/transects/canal_dr_transect.json
ValueError: Could not find a line labeled 'roadway' in /rsstu/users/k/kanarde/NASA-Sunnyverse/rmccune/poseidon/data/transects/canal_dr_transect.json
    main()
  File "/rsstu/users/k/kanarde/NASA-Sunnyverse/rmccune/poseidon/poseidon_deploy/naiads/run_roadway_analyzer.py", line 20, in main
    analyzer = poseidon_core.RoadwayAnalyzer(
               ^^^^^^^^^^^^^^^^^^^^^^^^^^^^^^
  File "/rsstu/users/k/kanarde/NASA-Sunnyverse/rmccune/poseidon/poseidon_core/roadway_analyzer.py", line 48, in __init__
    raise ValueError(f"Could not find a line labeled '{line_label}' in {labelme_json_path}")
ValueError: Could not find a line labeled 'roadway' in /rsstu/users/k/kanarde/NASA-Sunnyverse/rmccune/poseidon/data/transects/canal_dr_transect.json
    main()
  File "/rsstu/users/k/kanarde/NASA-Sunnyverse/rmccune/poseidon/poseidon_deploy/naiads/run_roadway_analyzer.py", line 20, in main
    analyzer = poseidon_core.RoadwayAnalyzer(
               ^^^^^^^^^^^^^^^^^^^^^^^^^^^^^^
  File "/rsstu/users/k/kanarde/NASA-Sunnyverse/rmccune/poseidon/poseidon_core/roadway_analyzer.py", line 48, in __init__
    raise ValueError(f"Could not find a line labeled '{line_label}' in {labelme_json_path}")
ValueError: Could not find a line labeled 'roadway' in /rsstu/users/k/kanarde/NASA-Sunnyverse/rmccune/poseidon/data/transects/canal_dr_transect.json
    main()
  File "/rsstu/users/k/kanarde/NASA-Sunnyverse/rmccune/poseidon/poseidon_deploy/naiads/run_roadway_analyzer.py", line 20, in main
    analyzer = poseidon_core.RoadwayAnalyzer(
               ^^^^^^^^^^^^^^^^^^^^^^^^^^^^^^
  File "/rsstu/users/k/kanarde/NASA-Sunnyverse/rmccune/poseidon/poseidon_core/roadway_analyzer.py", line 48, in __init__
    raise ValueError(f"Could not find a line labeled '{line_label}' in {labelme_json_path}")
ValueError: Could not find a line labeled 'roadway' in /rsstu/users/k/kanarde/NASA-Sunnyverse/rmccune/poseidon/data/transects/canal_dr_transect.json
    main()
  File "/rsstu/users/k/kanarde/NASA-Sunnyverse/rmccune/poseidon/poseidon_deploy/naiads/run_roadway_analyzer.py", line 20, in main
    analyzer = poseidon_core.RoadwayAnalyzer(
               ^^^^^^^^^^^^^^^^^^^^^^^^^^^^^^
  File "/rsstu/users/k/kanarde/NASA-Sunnyverse/rmccune/poseidon/poseidon_core/roadway_analyzer.py", line 48, in __init__
    raise ValueError(f"Could not find a line labeled '{line_label}' in {labelme_json_path}")
ValueError: Could not find a line labeled 'roadway' in /rsstu/users/k/kanarde/NASA-Sunnyverse/rmccune/poseidon/data/transects/canal_dr_transect.json
    main()
  File "/rsstu/users/k/kanarde/NASA-Sunnyverse/rmccune/poseidon/poseidon_deploy/naiads/run_roadway_analyzer.py", line 20, in main
    analyzer = poseidon_core.RoadwayAnalyzer(
               ^^^^^^^^^^^^^^^^^^^^^^^^^^^^^^
  File "/rsstu/users/k/kanarde/NASA-Sunnyverse/rmccune/poseidon/poseidon_core/roadway_analyzer.py", line 48, in __init__
    raise ValueError(f"Could not find a line labeled '{line_label}' in {labelme_json_path}")
ValueError: Could not find a line labeled 'roadway' in /rsstu/users/k/kanarde/NASA-Sunnyverse/rmccune/poseidon/data/transects/canal_dr_transect.json
    main()
  File "/rsstu/users/k/kanarde/NASA-Sunnyverse/rmccune/poseidon/poseidon_deploy/naiads/run_roadway_analyzer.py", line 20, in main
    analyzer = poseidon_core.RoadwayAnalyzer(
               ^^^^^^^^^^^^^^^^^^^^^^^^^^^^^^
  File "/rsstu/users/k/kanarde/NASA-Sunnyverse/rmccune/poseidon/poseidon_core/roadway_analyzer.py", line 48, in __init__
    raise ValueError(f"Could not find a line labeled '{line_label}' in {labelme_json_path}")
ValueError: Could not find a line labeled 'roadway' in /rsstu/users/k/kanarde/NASA-Sunnyverse/rmccune/poseidon/data/transects/canal_dr_transect.json
Traceback (most recent call last):
  File "/rsstu/users/k/kanarde/NASA-Sunnyverse/rmccune/poseidon/poseidon_deploy/naiads/run_roadway_analyzer.py", line 31, in <module>
    main()
  File "/rsstu/users/k/kanarde/NASA-Sunnyverse/rmccune/poseidon/poseidon_deploy/naiads/run_roadway_analyzer.py", line 20, in main
    analyzer = poseidon_core.RoadwayAnalyzer(
               ^^^^^^^^^^^^^^^^^^^^Traceback (most recent call last):
  File "/rsstu/users/k/kanarde/NASA-Sunnyverse/rmccune/poseidon/poseidon_deploy/naiads/run_roadway_analyzer.py", line 31, in <module>
    main()
  File "/rsstu/users/k/kanarde/NASA-Sunnyverse/rmccune/poseidon/poseidon_deploy/naiads/run_roadway_analyzer.py", line 20, in main
Traceback (most recent call last):
  File "/rsstu/users/k/kanarde/NASA-Sunnyverse/rmccune/poseidon/poseidon_deploy/naiads/run_roadway_analyzer.py", line 31, in <module>
    main()
  File "/rsstu/users/k/kanarde/NASA-Sunnyverse/rmccune/poseidon/poseidon_deploy/naiads/run_roadway_analyzer.py", line 20, in main
Traceback (most recent call last):
  File "/rsstu/users/k/kanarde/NASA-Sunnyverse/rmccune/poseidon/poseidon_deploy/naiads/run_roadway_analyzer.py", line 31, in <module>
    main()
  File "/rsstu/users/k/kanarde/NASA-Sunnyverse/rmccune/poseidon/poseidon_deploy/naiads/run_roadway_analyzer.py", line 20, in main
    analyzer = poseidon_core.RoadwayAnalyzer(
               ^^^^^^^^^^^^^Traceback (most recent call last):
  File "/rsstu/users/k/kanarde/NASA-Sunnyverse/rmccune/poseidon/poseidon_deploy/naiads/run_roadway_analyzer.py", line 31, in <module>
    main()
  File "/rsstu/users/k/kanarde/NASA-Sunnyverse/rmccune/poseidon/poseidon_deploy/naiads/run_roadway_analyzer.py", line 20, in main
Traceback (most recent call last):
  File "/rsstu/users/k/kanarde/NASA-Sunnyverse/rmccune/poseidon/poseidon_deploy/naiads/run_roadway_analyzer.py", line 31, in <module>
    main()
  File "/rsstu/users/k/kanarde/NASA-Sunnyverse/rmccune/poseidon/poseidon_deploy/naiads/run_roadway_analyzer.py", line 20, in main
    analyzer = poseidon_core.RoadwayAnalyzer(Traceback (most recent call last):
  File "/rsstu/users/k/kanarde/NASA-Sunnyverse/rmccune/poseidon/poseidon_deploy/naiads/run_roadway_analyzer.py", line 31, in <module>
    main()
  File "/rsstu/users/k/kanarde/NASA-Sunnyverse/rmccune/poseidon/poseidon_deploy/naiads/run_roadway_analyzer.py", line 20, in main
    analyzer = poseidon_core.RoadwayAnalyzer(
  Traceback (most recent call last):
  File "/rsstu/users/k/kanarde/NASA-Sunnyverse/rmccune/poseidon/poseidon_deploy/naiads/run_roadway_analyzer.py", line 31, in <module>
    main()
  File "/rsstu/users/k/kanarde/NASA-Sunnyverse/rmccune/poseidon/poseidon_deploy/naiads/run_roadway_analyzer.py", line 20, in main
    analyzer = poseidon_core.RoadwayAnalyzer(
               ^Traceback (most recent call last):
  File "/rsstu/users/k/kanarde/NASA-Sunnyverse/rmccune/poseidon/poseidon_deploy/naiads/run_roadway_analyzer.py", line 31, in <module>
    main()
  File "/rsstu/users/k/kanarde/NASA-Sunnyverse/rmccune/poseidon/poseidon_deploy/naiads/run_roadway_analyzer.py", line 20, in main
    analyzer = poseidon_core.RoadwayAnalyzer(
  Traceback (most recent call last):
  File "/rsstu/users/k/kanarde/NASA-Sunnyverse/rmccune/poseidon/poseidon_deploy/naiads/run_roadway_analyzer.py", line 31, in <module>
    main()
  File "/rsstu/users/k/kanarde/NASA-Sunnyverse/rmccune/poseidon/poseidon_deploy/naiads/run_roadway_analyzer.py", line 20, in main
    analyzer = poseidon_core.RoadwayAnalyzer(
            Traceback (most recent call last):
  File "/rsstu/users/k/kanarde/NASA-Sunnyverse/rmccune/poseidon/poseidon_deploy/naiads/run_roadway_analyzer.py", line 31, in <module>
    main()
  File "/rsstu/users/k/kanarde/NASA-Sunnyverse/rmccune/poseidon/poseidon_deploy/naiads/run_roadway_analyzer.py", line 20, in main
    analyzer = poseidon_core.RoadwayAnalyzer(
               ^^^^^^^^^^^^^^^Traceback (most recent call last):
  File "/rsstu/users/k/kanarde/NASA-Sunnyverse/rmccune/poseidon/poseidon_deploy/naiads/run_roadway_analyzer.py", line 31, in <module>
    main()
  File "/rsstu/users/k/kanarde/NASA-Sunnyverse/rmccune/poseidon/poseidon_deploy/naiads/run_roadway_analyzer.py", line 20, in main
    analyzer = poseidon_core.RoadwayAnalyzer(
               ^^^^^^^^^^^^^^^^^Traceback (most recent call last):
  File "/rsstu/users/k/kanarde/NASA-Sunnyverse/rmccune/poseidon/poseidon_deploy/naiads/run_roadway_analyzer.py", line 31, in <module>
    main()
  File "/rsstu/users/k/kanarde/NASA-Sunnyverse/rmccune/poseidon/poseidon_deploy/naiads/run_roadway_analyzer.py", line 20, in main
    analyzer = poseidon_core.RoadwayAnalyzer(
               ^^^^^^^^^^^^^^^^^^^^^^^^Traceback (most recent call last):
  File "/rsstu/users/k/kanarde/NASA-Sunnyverse/rmccune/poseidon/poseidon_deploy/naiads/run_roadway_analyzer.py", line 31, in <module>
    main()
  File "/rsstu/users/k/kanarde/NASA-Sunnyverse/rmccune/poseidon/poseidon_deploy/naiads/run_roadway_analyzer.py", line 20, in main
Traceback (most recent call last):
  File "/rsstu/users/k/kanarde/NASA-Sunnyverse/rmccune/poseidon/poseidon_deploy/naiads/run_roadway_analyzer.py", line 31, in <module>
    main()
  File "/rsstu/users/k/kanarde/NASA-Sunnyverse/rmccune/poseidon/poseidon_deploy/naiads/run_roadway_analyzer.py", line 20, in main
    analyzer = poseidon_core.RoadwayAnalyzer(
               ^^^^^^^^^^^^^^^^^^^^^^^^^^^^^^
  File "/rsstu/users/k/kanarde/NASA-Sunnyverse/rmccune/poseidon/poseidon_core/roadway_analyzer.py", line 48, in __init__
Traceback (most recent call last):
  File "/rsstu/users/k/kanarde/NASA-Sunnyverse/rmccune/poseidon/poseidon_deploy/naiads/run_roadway_analyzer.py", line 31, in <module>
    main()
  File "/rsstu/users/k/kanarde/NASA-Sunnyverse/rmccune/poseidon/poseidon_deploy/naiads/run_roadway_analyzer.py", line 20, in main
    analyzer = poseidon_core.RoadwayAnalyzer(
               ^^^^^^^^^^^^^^^^^^^^^^^^^^^^^^
  File "/rsstu/users/k/kanarde/NASA-Sunnyverse/rmccune/poseidon/poseidon_core/roadway_analyzer.py", line 48, in __init__
Traceback (most recent call last):
  File "/rsstu/users/k/kanarde/NASA-Sunnyverse/rmccune/poseidon/poseidon_deploy/naiads/run_roadway_analyzer.py", line 31, in <module>
    main()
  File "/rsstu/users/k/kanarde/NASA-Sunnyverse/rmccune/poseidon/poseidon_deploy/naiads/run_roadway_analyzer.py", line 20, in main
    analyzer = poseidon_core.RoadwayAnalyzer(
               ^^^^^^^^^^^^^^^^^^^^^^^^^^^^^^
  File "/rsstu/users/k/kanarde/NASA-Sunnyverse/rmccune/poseidon/poseidon_core/roadway_analyzer.py", line 48, in __init__
Traceback (most recent call last):
  File "/rsstu/users/k/kanarde/NASA-Sunnyverse/rmccune/poseidon/poseidon_deploy/naiads/run_roadway_analyzer.py", line 31, in <module>
    main()
  File "/rsstu/users/k/kanarde/NASA-Sunnyverse/rmccune/poseidon/poseidon_deploy/naiads/run_roadway_analyzer.py", line 20, in main
    analyzer = poseidon_core.RoadwayAnalyzer(
               ^^^^^^^^^^^^^^^^^^^^^^^^^^^^^^
  File "/rsstu/users/k/kanarde/NASA-Sunnyverse/rmccune/poseidon/poseidon_core/roadway_analyzer.py", line 48, in __init__
Traceback (most recent call last):
  File "/rsstu/users/k/kanarde/NASA-Sunnyverse/rmccune/poseidon/poseidon_deploy/naiads/run_roadway_analyzer.py", line 31, in <module>
    main()
  File "/rsstu/users/k/kanarde/NASA-Sunnyverse/rmccune/poseidon/poseidon_deploy/naiads/run_roadway_analyzer.py", line 20, in main
    analyzer = poseidon_core.RoadwayAnalyzer(
               ^^^^^^^^^^^^^^^^^^^^^^^^^^^^^^
  File "/rsstu/users/k/kanarde/NASA-Sunnyverse/rmccune/poseidon/poseidon_core/roadway_analyzer.py", line 48, in __init__
Traceback (most recent call last):
  File "/rsstu/users/k/kanarde/NASA-Sunnyverse/rmccune/poseidon/poseidon_deploy/naiads/run_roadway_analyzer.py", line 31, in <module>
    main()
  File "/rsstu/users/k/kanarde/NASA-Sunnyverse/rmccune/poseidon/poseidon_deploy/naiads/run_roadway_analyzer.py", line 20, in main
    analyzer = poseidon_core.RoadwayAnalyzer(
               ^^^^^^^^^^^^^^^^^^^^^^^^^^^^^^
  File "/rsstu/users/k/kanarde/NASA-Sunnyverse/rmccune/poseidon/poseidon_core/roadway_analyzer.py", line 48, in __init__
Traceback (most recent call last):
  File "/rsstu/users/k/kanarde/NASA-Sunnyverse/rmccune/poseidon/poseidon_deploy/naiads/run_roadway_analyzer.py", line 31, in <module>
    main()
  File "/rsstu/users/k/kanarde/NASA-Sunnyverse/rmccune/poseidon/poseidon_deploy/naiads/run_roadway_analyzer.py", line 20, in main
    analyzer = poseidon_core.RoadwayAnalyzer(
               ^^^^^^^^^^^^^^^^^^^^^^^^^^^^^^
  File "/rsstu/users/k/kanarde/NASA-Sunnyverse/rmccune/poseidon/poseidon_core/roadway_analyzer.py", line 48, in __init__
Traceback (most recent call last):
  File "/rsstu/users/k/kanarde/NASA-Sunnyverse/rmccune/poseidon/poseidon_deploy/naiads/run_roadway_analyzer.py", line 31, in <module>
Traceback (most recent call last):
  File "/rsstu/users/k/kanarde/NASA-Sunnyverse/rmccune/poseidon/poseidon_deploy/naiads/run_roadway_analyzer.py", line 31, in <module>
    main()
  File "/rsstu/users/k/kanarde/NASA-Sunnyverse/rmccune/poseidon/poseidon_deploy/naiads/run_roadway_analyzer.py", line 20, in main
    analyzer = poseidon_core.RoadwayAnalyzer(
               ^^^^^^^^^^^^^^^^^^^^^^^^^^^^^^
  File "/rsstu/users/k/kanarde/NASA-Sunnyverse/rmccune/poseidon/poseidon_core/roadway_analyzer.py", line 48, in __init__
^^^^^^^^^^
  File "/rsstu/users/k/kanarde/NASA-Sunnyverse/rmccune/poseidon/poseidon_core/roadway_analyzer.py", line 48, in __init__
    raise ValueError(f"Could not find a line labeled '{line_label}' in {labelme_json_path}")
ValueError: Could not find a line labeled 'roadway' in /rsstu/users/k/kanarde/NASA-Sunnyverse/rmccune/poseidon/data/transects/canal_dr_transect.json
    analyzer = poseidon_core.RoadwayAnalyzer(
               ^^^^^^^^^^^^^^^^^^^^^^^^^^^^^^
  File "/rsstu/users/k/kanarde/NASA-Sunnyverse/rmccune/poseidon/poseidon_core/roadway_analyzer.py", line 48, in __init__
    raise ValueError(f"Could not find a line labeled '{line_label}' in {labelme_json_path}")
ValueError: Could not find a line labeled 'roadway' in /rsstu/users/k/kanarde/NASA-Sunnyverse/rmccune/poseidon/data/transects/canal_dr_transect.json
^^^^^^^^^^^^^^^^^
  File "/rsstu/users/k/kanarde/NASA-Sunnyverse/rmccune/poseidon/poseidon_core/roadway_analyzer.py", line 48, in __init__
    raise ValueError(f"Could not find a line labeled '{line_label}' in {labelme_json_path}")
ValueError: Could not find a line labeled 'roadway' in /rsstu/users/k/kanarde/NASA-Sunnyverse/rmccune/poseidon/data/transects/canal_dr_transect.json
    analyzer = poseidon_core.RoadwayAnalyzer(
               ^^^^^^^^^^^^^^^^^^^^^^^^^^^^^^
  File "/rsstu/users/k/kanarde/NASA-Sunnyverse/rmccune/poseidon/poseidon_core/roadway_analyzer.py", line 48, in __init__
    raise ValueError(f"Could not find a line labeled '{line_label}' in {labelme_json_path}")

               ^^^^^^^^^^^^^^^^^^^^^^^^^^^^^^
  File "/rsstu/users/k/kanarde/NASA-Sunnyverse/rmccune/poseidon/poseidon_core/roadway_analyzer.py", line 48, in __init__
    raise ValueError(f"Could not find a line labeled '{line_label}' in {labelme_json_path}")
ValueError: Could not find a line labeled 'roadway' in /rsstu/users/k/kanarde/NASA-Sunnyverse/rmccune/poseidon/data/transects/canal_dr_transect.json
             ^^^^^^^^^^^^^^^^^^^^^^^^^^^^^^
  File "/rsstu/users/k/kanarde/NASA-Sunnyverse/rmccune/poseidon/poseidon_core/roadway_analyzer.py", line 48, in __init__
    raise ValueError(f"Could not find a line labeled '{line_label}' in {labelme_json_path}")
ValueError: Could not find a line labeled 'roadway' in /rsstu/users/k/kanarde/NASA-Sunnyverse/rmccune/poseidon/data/transects/canal_dr_transect.json^^^^^^^^^^^^^^^^^^^^^^^^^^^^^
  File "/rsstu/users/k/kanarde/NASA-Sunnyverse/rmccune/poseidon/poseidon_core/roadway_analyzer.py", line 48, in __init__
    raise ValueError(f"Could not find a line labeled '{line_label}' in {labelme_json_path}")
ValueError: Could not find a line labeled 'roadway' in /rsstu/users/k/kanarde/NASA-Sunnyverse/rmccune/poseidon/data/transects/canal_dr_transect.json
    analyzer = poseidon_core.RoadwayAnalyzer(
               ^^^^^^^^^^^^^^^^^^^^^^^^^^^^^^
  File "/rsstu/users/k/kanarde/NASA-Sunnyverse/rmccune/poseidon/poseidon_core/roadway_analyzer.py", line 48, in __init__
    raise ValueError(f"Could not find a line labeled '{line_label}' in {labelme_json_path}")
             ^^^^^^^^^^^^^^^^^^^^^^^^^^^^^^
  File "/rsstu/users/k/kanarde/NASA-Sunnyverse/rmccune/poseidon/poseidon_core/roadway_analyzer.py", line 48, in __init__
    raise ValueError(f"Could not find a line labeled '{line_label}' in {labelme_json_path}")
ValueError: Could not find a line labeled 'roadway' in /rsstu/users/k/kanarde/NASA-Sunnyverse/rmccune/poseidon/data/transects/canal_dr_transect.json
   ^^^^^^^^^^^^^^^^^^^^^^^^^^^^^^
  File "/rsstu/users/k/kanarde/NASA-Sunnyverse/rmccune/poseidon/poseidon_core/roadway_analyzer.py", line 48, in __init__
    raise ValueError(f"Could not find a line labeled '{line_label}' in {labelme_json_path}")
ValueError: Could not find a line labeled 'roadway' in /rsstu/users/k/kanarde/NASA-Sunnyverse/rmccune/poseidon/data/transects/canal_dr_transect.json
^^^^^^^^^^^^^^^
  File "/rsstu/users/k/kanarde/NASA-Sunnyverse/rmccune/poseidon/poseidon_core/roadway_analyzer.py", line 48, in __init__
    raise ValueError(f"Could not find a line labeled '{line_label}' in {labelme_json_path}")
ValueError: Could not find a line labeled 'roadway' in /rsstu/users/k/kanarde/NASA-Sunnyverse/rmccune/poseidon/data/transects/canal_dr_transect.json
^^^^^^^^^^^^^
  File "/rsstu/users/k/kanarde/NASA-Sunnyverse/rmccune/poseidon/poseidon_core/roadway_analyzer.py", line 48, in __init__
    raise ValueError(f"Could not find a line labeled '{line_label}' in {labelme_json_path}")
ValueError: Could not find a line labeled 'roadway' in /rsstu/users/k/kanarde/NASA-Sunnyverse/rmccune/poseidon/data/transects/canal_dr_transect.json
^^^^^^
  File "/rsstu/users/k/kanarde/NASA-Sunnyverse/rmccune/poseidon/poseidon_core/roadway_analyzer.py", line 48, in __init__
    raise ValueError(f"Could not find a line labeled '{line_label}' in {labelme_json_path}")
ValueError: Could not find a line labeled 'roadway' in /rsstu/users/k/kanarde/NASA-Sunnyverse/rmccune/poseidon/data/transects/canal_dr_transect.json
    raise ValueError(f"Could not find a line labeled '{line_label}' in {labelme_json_path}")
ValueError: Could not find a line labeled 'roadway' in /rsstu/users/k/kanarde/NASA-Sunnyverse/rmccune/poseidon/data/transects/canal_dr_transect.json
    raise ValueError(f"Could not find a line labeled '{line_label}' in {labelme_json_path}")
ValueError: Could not find a line labeled 'roadway' in /rsstu/users/k/kanarde/NASA-Sunnyverse/rmccune/poseidon/data/transects/canal_dr_transect.json
    raise ValueError(f"Could not find a line labeled '{line_label}' in {labelme_json_path}")
ValueError: Could not find a line labeled 'roadway' in /rsstu/users/k/kanarde/NASA-Sunnyverse/rmccune/poseidon/data/transects/canal_dr_transect.json
    raise ValueError(f"Could not find a line labeled '{line_label}' in {labelme_json_path}")
ValueError: Could not find a line labeled 'roadway' in /rsstu/users/k/kanarde/NASA-Sunnyverse/rmccune/poseidon/data/transects/canal_dr_transect.json
    raise ValueError(f"Could not find a line labeled '{line_label}' in {labelme_json_path}")
ValueError: Could not find a line labeled 'roadway' in /rsstu/users/k/kanarde/NASA-Sunnyverse/rmccune/poseidon/data/transects/canal_dr_transect.json
    raise ValueError(f"Could not find a line labeled '{line_label}' in {labelme_json_path}")
ValueError: Could not find a line labeled 'roadway' in /rsstu/users/k/kanarde/NASA-Sunnyverse/rmccune/poseidon/data/transects/canal_dr_transect.json
    raise ValueError(f"Could not find a line labeled '{line_label}' in {labelme_json_path}")
ValueError: Could not find a line labeled 'roadway' in /rsstu/users/k/kanarde/NASA-Sunnyverse/rmccune/poseidon/data/transects/canal_dr_transect.json
ValueError: Could not find a line labeled 'roadway' in /rsstu/users/k/kanarde/NASA-Sunnyverse/rmccune/poseidon/data/transects/canal_dr_transect.json

    raise ValueError(f"Could not find a line labeled '{line_label}' in {labelme_json_path}")
ValueError: Could not find a line labeled 'roadway' in /rsstu/users/k/kanarde/NASA-Sunnyverse/rmccune/poseidon/data/transects/canal_dr_transect.json
ValueError: Could not find a line labeled 'roadway' in /rsstu/users/k/kanarde/NASA-Sunnyverse/rmccune/poseidon/data/transects/canal_dr_transect.json
    main()
  File "/rsstu/users/k/kanarde/NASA-Sunnyverse/rmccune/poseidon/poseidon_deploy/naiads/run_roadway_analyzer.py", line 20, in main
    analyzer = poseidon_core.RoadwayAnalyzer(
               ^^^^^^^^^^^^^^^^^^^^^^^^^^^^^^
  File "/rsstu/users/k/kanarde/NASA-Sunnyverse/rmccune/poseidon/poseidon_core/roadway_analyzer.py", line 48, in __init__
    raise ValueError(f"Could not find a line labeled '{line_label}' in {labelme_json_path}")
ValueError: Could not find a line labeled 'roadway' in /rsstu/users/k/kanarde/NASA-Sunnyverse/rmccune/poseidon/data/transects/canal_dr_transect.json
    analyzer = poseidon_core.RoadwayAnalyzer(
               ^^^^^^^^^^^^^^^^^^^^^^^^^^^^^^
  File "/rsstu/users/k/kanarde/NASA-Sunnyverse/rmccune/poseidon/poseidon_core/roadway_analyzer.py", line 48, in __init__
    raise ValueError(f"Could not find a line labeled '{line_label}' in {labelme_json_path}")
ValueError: Could not find a line labeled 'roadway' in /rsstu/users/k/kanarde/NASA-Sunnyverse/rmccune/poseidon/data/transects/canal_dr_transect.json
Traceback (most recent call last):
  File "/rsstu/users/k/kanarde/NASA-Sunnyverse/rmccune/poseidon/poseidon_deploy/naiads/run_roadway_analyzer.py", line 31, in <module>
    main()
  File "/rsstu/users/k/kanarde/NASA-Sunnyverse/rmccune/poseidon/poseidon_deploy/naiads/run_roadway_analyzer.py", line 20, in main
    analyzer = poseidon_core.RoadwayAnalyzer(
               ^^^^^^^^^^^^^^^^^^^^^^^^^^^^^^
  File "/rsstu/users/k/kanarde/NASA-Sunnyverse/rmccune/poseidon/poseidon_core/roadway_analyzer.py", line 48, in __init__
    raise ValueError(f"Could not find a line labeled '{line_label}' in {labelme_json_path}")
ValueError: Could not find a line labeled 'roadway' in /rsstu/users/k/kanarde/NASA-Sunnyverse/rmccune/poseidon/data/transects/canal_dr_transect.json
--------------------------------------------------------------------------
prterun detected that one or more processes exited with non-zero status,
thus causing the job to be terminated. The first process to do so was:

   Process name: [prterun-c042n03-4190797@1,8]
   Exit code:    1
--------------------------------------------------------------------------
